Component: ARM Compiler 5.05 update 1 (build 106) Tool: armlink [4d0efa]

==============================================================================

Section Cross References

    main.o(.text) refers to _printf_percent.o(.ARM.Collect$$_printf_percent$$00000000) for _printf_percent
    main.o(.text) refers to _printf_d.o(.ARM.Collect$$_printf_percent$$00000009) for _printf_d
    main.o(.text) refers to _printf_dec.o(.text) for _printf_int_dec
    main.o(.text) refers to noretval__2sprintf.o(.text) for __2sprintf
    main.o(.text) refers to lcd.o(.text) for LCD_ShowString
    main.o(.text) refers to os_task.o(.text) for OSTaskSuspend
    main.o(.text) refers to os_time.o(.text) for OSTimeDlyHMSM
    main.o(.text) refers to key.o(.text) for KEY_Scan
    main.o(.text) refers to os_core.o(.text) for OSStatInit
    main.o(.text) refers to os_cpu_a.o(.text) for OS_CPU_SR_Save
    main.o(.text) refers to delay.o(.text) for delay_init
    main.o(.text) refers to misc.o(.text) for NVIC_PriorityGroupConfig
    main.o(.text) refers to usart.o(.text) for uart_init
    main.o(.text) refers to led.o(.text) for LED_Init
    main.o(.text) refers to sram.o(.text) for FSMC_SRAM_Init
    main.o(.text) refers to malloc.o(.text) for mymem_init
    main.o(.text) refers to noretval__2printf.o(.text) for __2printf
    main.o(.text) refers to lwip_comm.o(.text) for lwip_comm_init
    main.o(.text) refers to tcp_server_demo.o(.text) for tcp_server_init
    main.o(.text) refers to lwip_comm.o(.bss) for lwipdev
    main.o(.text) refers to tcp_server_demo.o(.data) for tcp_server_flag
    main.o(.text) refers to main.o(.bss) for LED_TASK_STK
    main.o(.text) refers to usmart_config.o(.data) for usmart_dev
    main.o(.text) refers to lcd.o(.data) for POINT_COLOR
    system_stm32f4xx.o(.text) refers to system_stm32f4xx.o(.data) for SystemCoreClock
    key.o(.text) refers to stm32f4xx_rcc.o(.text) for RCC_AHB1PeriphClockCmd
    key.o(.text) refers to stm32f4xx_gpio.o(.text) for GPIO_Init
    key.o(.text) refers to delay.o(.text) for delay_ms
    key.o(.text) refers to key.o(.data) for key_up
    led.o(.text) refers to stm32f4xx_rcc.o(.text) for RCC_AHB1PeriphClockCmd
    led.o(.text) refers to stm32f4xx_gpio.o(.text) for GPIO_Init
    timer.o(.text) refers to stm32f4xx_rcc.o(.text) for RCC_APB1PeriphClockCmd
    timer.o(.text) refers to stm32f4xx_tim.o(.text) for TIM_TimeBaseInit
    timer.o(.text) refers to misc.o(.text) for NVIC_Init
    lcd.o(.text) refers to _printf_percent.o(.ARM.Collect$$_printf_percent$$00000000) for _printf_percent
    lcd.o(.text) refers to _printf_x.o(.ARM.Collect$$_printf_percent$$0000000C) for _printf_x
    lcd.o(.text) refers to _printf_hex_int.o(.text) for _printf_longlong_hex
    lcd.o(.text) refers to delay.o(.text) for delay_us
    lcd.o(.text) refers to lcd.o(.bss) for lcddev
    lcd.o(.text) refers to lcd.o(.data) for POINT_COLOR
    lcd.o(.text) refers to dflt_clz.o(x$fpl$dfltu) for __aeabi_ui2d
    lcd.o(.text) refers to dmul.o(x$fpl$dmul) for __aeabi_dmul
    lcd.o(.text) refers to dfixu.o(x$fpl$dfixu) for __aeabi_d2uiz
    lcd.o(.text) refers to stm32f4xx_rcc.o(.text) for RCC_AHB1PeriphClockCmd
    lcd.o(.text) refers to stm32f4xx_gpio.o(.text) for GPIO_Init
    lcd.o(.text) refers to stm32f4xx_fsmc.o(.text) for FSMC_NORSRAMInit
    lcd.o(.text) refers to noretval__2printf.o(.text) for __2printf
    lcd.o(.text) refers to lcd.o(.constdata) for asc2_1206
    lan8720.o(.text) refers to stm32f4xx_rcc.o(.text) for RCC_AHB1PeriphClockCmd
    lan8720.o(.text) refers to stm32f4x7_eth.o(.text) for ETH_DeInit
    lan8720.o(.text) refers to misc.o(.text) for NVIC_Init
    lan8720.o(.text) refers to stm32f4xx_syscfg.o(.text) for SYSCFG_ETH_MediaInterfaceConfig
    lan8720.o(.text) refers to stm32f4xx_gpio.o(.text) for GPIO_Init
    lan8720.o(.text) refers to delay.o(.text) for delay_ms
    lan8720.o(.text) refers to lwip_comm.o(.text) for lwip_pkt_handle
    lan8720.o(.text) refers to malloc.o(.text) for myfree
    lan8720.o(.text) refers to stm32f4x7_eth.o(.data) for DMARxDescToGet
    lan8720.o(.text) refers to lan8720.o(.data) for DMARxDscrTab
    sram.o(.text) refers to stm32f4xx_rcc.o(.text) for RCC_AHB1PeriphClockCmd
    sram.o(.text) refers to stm32f4xx_gpio.o(.text) for GPIO_Init
    sram.o(.text) refers to stm32f4xx_fsmc.o(.text) for FSMC_NORSRAMInit
    startup_stm32f40_41xxx.o(STACK) refers (Special) to heapauxi.o(.text) for __use_two_region_memory
    startup_stm32f40_41xxx.o(HEAP) refers (Special) to heapauxi.o(.text) for __use_two_region_memory
    startup_stm32f40_41xxx.o(RESET) refers (Special) to heapauxi.o(.text) for __use_two_region_memory
    startup_stm32f40_41xxx.o(RESET) refers to startup_stm32f40_41xxx.o(STACK) for __initial_sp
    startup_stm32f40_41xxx.o(RESET) refers to startup_stm32f40_41xxx.o(.text) for Reset_Handler
    startup_stm32f40_41xxx.o(RESET) refers to stm32f4xx_it.o(.text) for NMI_Handler
[...]
    ETH_GetDMATxDescCollisionCount           0x0800829f   Thumb Code    10  stm32f4x7_eth.o(.text)
    ETH_SetDMATxDescOwnBit                   0x080082a9   Thumb Code    10  stm32f4x7_eth.o(.text)
    ETH_DMATxDescTransmitITConfig            0x080082b3   Thumb Code    22  stm32f4x7_eth.o(.text)
    ETH_DMATxDescFrameSegmentConfig          0x080082c9   Thumb Code     8  stm32f4x7_eth.o(.text)
    ETH_DMATxDescChecksumInsertionConfig     0x080082d1   Thumb Code     8  stm32f4x7_eth.o(.text)
    ETH_DMATxDescCRCCmd                      0x080082d9   Thumb Code    22  stm32f4x7_eth.o(.text)
    ETH_DMATxDescSecondAddressChainedCmd     0x080082ef   Thumb Code    22  stm32f4x7_eth.o(.text)
    ETH_DMATxDescShortFramePaddingCmd        0x08008305   Thumb Code    22  stm32f4x7_eth.o(.text)
    ETH_DMATxDescBufferSizeConfig            0x0800831b   Thumb Code    14  stm32f4x7_eth.o(.text)
    ETH_GetDMARxDescFlagStatus               0x08008329   Thumb Code    18  stm32f4x7_eth.o(.text)
    ETH_GetDMAPTPRxDescExtendedFlagStatus    0x0800833b   Thumb Code    18  stm32f4x7_eth.o(.text)
    ETH_SetDMARxDescOwnBit                   0x0800834d   Thumb Code    10  stm32f4x7_eth.o(.text)
    ETH_GetDMARxDescFrameLength              0x08008357   Thumb Code    10  stm32f4x7_eth.o(.text)
    ETH_DMARxDescReceiveITConfig             0x08008361   Thumb Code    22  stm32f4x7_eth.o(.text)
    ETH_GetDMARxDescBufferSize               0x08008377   Thumb Code    20  stm32f4x7_eth.o(.text)
    ETH_GetRxPktSize                         0x0800838b   Thumb Code    42  stm32f4x7_eth.o(.text)
    ETH_EnhancedDescriptorCmd                0x080083b5   Thumb Code    30  stm32f4x7_eth.o(.text)
    ETH_SoftwareReset                        0x080083d3   Thumb Code    14  stm32f4x7_eth.o(.text)
    ETH_GetSoftwareResetStatus               0x080083e1   Thumb Code    20  stm32f4x7_eth.o(.text)
    ETH_GetDMAFlagStatus                     0x080083f5   Thumb Code    20  stm32f4x7_eth.o(.text)
    ETH_DMAClearFlag                         0x08008409   Thumb Code     6  stm32f4x7_eth.o(.text)
    ETH_DMAITConfig                          0x0800840f   Thumb Code    26  stm32f4x7_eth.o(.text)
    ETH_GetDMAITStatus                       0x08008429   Thumb Code    20  stm32f4x7_eth.o(.text)
    ETH_DMAClearITPendingBit                 0x0800843d   Thumb Code     6  stm32f4x7_eth.o(.text)
    ETH_GetTransmitProcessState              0x08008443   Thumb Code    10  stm32f4x7_eth.o(.text)
    ETH_GetReceiveProcessState               0x0800844d   Thumb Code    10  stm32f4x7_eth.o(.text)
    ETH_GetFlushTransmitFIFOStatus           0x08008457   Thumb Code    20  stm32f4x7_eth.o(.text)
    ETH_GetDMAOverflowStatus                 0x0800846b   Thumb Code    20  stm32f4x7_eth.o(.text)
    ETH_GetRxOverflowMissedFrameCounter      0x0800847f   Thumb Code    10  stm32f4x7_eth.o(.text)
    ETH_GetBufferUnavailableMissedFrameCounter 0x08008489   Thumb Code     8  stm32f4x7_eth.o(.text)
    ETH_GetCurrentTxDescStartAddress         0x08008491   Thumb Code     6  stm32f4x7_eth.o(.text)
    ETH_GetCurrentRxDescStartAddress         0x08008497   Thumb Code     6  stm32f4x7_eth.o(.text)
    ETH_GetCurrentTxBufferAddress            0x0800849d   Thumb Code     6  stm32f4x7_eth.o(.text)
    ETH_GetCurrentRxBufferAddress            0x080084a3   Thumb Code     6  stm32f4x7_eth.o(.text)
    ETH_ResumeDMATransmission                0x080084a9   Thumb Code     8  stm32f4x7_eth.o(.text)
    ETH_ResumeDMAReception                   0x080084b1   Thumb Code     8  stm32f4x7_eth.o(.text)
    ETH_SetReceiveWatchdogTimer              0x080084b9   Thumb Code     6  stm32f4x7_eth.o(.text)
    ETH_PHYLoopBackCmd                       0x080084bf   Thumb Code    52  stm32f4x7_eth.o(.text)
    ETH_ResetWakeUpFrameFilterRegisterPointer 0x080084f3   Thumb Code    14  stm32f4x7_eth.o(.text)
    ETH_SetWakeUpFrameFilterRegister         0x08008501   Thumb Code    24  stm32f4x7_eth.o(.text)
    ETH_GlobalUnicastWakeUpCmd               0x08008519   Thumb Code    30  stm32f4x7_eth.o(.text)
    ETH_GetPMTFlagStatus                     0x08008537   Thumb Code    20  stm32f4x7_eth.o(.text)
    ETH_WakeUpFrameDetectionCmd              0x0800854b   Thumb Code    30  stm32f4x7_eth.o(.text)
    ETH_MagicPacketDetectionCmd              0x08008569   Thumb Code    30  stm32f4x7_eth.o(.text)
    ETH_PowerDownCmd                         0x08008587   Thumb Code    50  stm32f4x7_eth.o(.text)
    ETH_MMCCounterFullPreset                 0x080085b9   Thumb Code    16  stm32f4x7_eth.o(.text)
    ETH_MMCCounterHalfPreset                 0x080085c9   Thumb Code    30  stm32f4x7_eth.o(.text)
    ETH_MMCCounterFreezeCmd                  0x080085e7   Thumb Code    34  stm32f4x7_eth.o(.text)
    ETH_MMCResetOnReadCmd                    0x08008609   Thumb Code    34  stm32f4x7_eth.o(.text)
    ETH_MMCCounterRolloverCmd                0x0800862b   Thumb Code    34  stm32f4x7_eth.o(.text)
    ETH_MMCCountersReset                     0x0800864d   Thumb Code    16  stm32f4x7_eth.o(.text)
    ETH_MMCITConfig                          0x0800865d   Thumb Code    78  stm32f4x7_eth.o(.text)
    ETH_GetMMCITStatus                       0x080086ab   Thumb Code    66  stm32f4x7_eth.o(.text)
    ETH_GetMMCRegister                       0x080086ed   Thumb Code     8  stm32f4x7_eth.o(.text)
    FSMC_NORSRAMDeInit                       0x080086fd   Thumb Code    54  stm32f4xx_fsmc.o(.text)
    FSMC_NORSRAMInit                         0x08008733   Thumb Code   230  stm32f4xx_fsmc.o(.text)
    FSMC_NORSRAMStructInit                   0x08008819   Thumb Code    48  stm32f4xx_fsmc.o(.text)
    FSMC_NORSRAMCmd                          0x08008849   Thumb Code    46  stm32f4xx_fsmc.o(.text)
    FSMC_NANDDeInit                          0x08008877   Thumb Code    62  stm32f4xx_fsmc.o(.text)
    FSMC_NANDInit                            0x080088b5   Thumb Code   132  stm32f4xx_fsmc.o(.text)
    FSMC_NANDStructInit                      0x08008939   Thumb Code    54  stm32f4xx_fsmc.o(.text)
    FSMC_NANDCmd                             0x0800896f   Thumb Code    86  stm32f4xx_fsmc.o(.text)
    FSMC_NANDECCCmd                          0x080089c5   Thumb Code    86  stm32f4xx_fsmc.o(.text)
    FSMC_GetECC                              0x08008a1b   Thumb Code    24  stm32f4xx_fsmc.o(.text)
    FSMC_PCCARDDeInit                        0x08008a33   Thumb Code    36  stm32f4xx_fsmc.o(.text)
    FSMC_PCCARDInit                          0x08008a57   Thumb Code   130  stm32f4xx_fsmc.o(.text)
    FSMC_PCCARDStructInit                    0x08008ad9   Thumb Code    60  stm32f4xx_fsmc.o(.text)
    FSMC_PCCARDCmd                           0x08008b15   Thumb Code    44  stm32f4xx_fsmc.o(.text)
    FSMC_ITConfig                            0x08008b41   Thumb Code   128  stm32f4xx_fsmc.o(.text)
    FSMC_GetFlagStatus                       0x08008bc1   Thumb Code    54  stm32f4xx_fsmc.o(.text)
    FSMC_ClearFlag                           0x08008bf7   Thumb Code    74  stm32f4xx_fsmc.o(.text)
    FSMC_GetITStatus                         0x08008c41   Thumb Code    62  stm32f4xx_fsmc.o(.text)
    FSMC_ClearITPendingBit                   0x08008c7f   Thumb Code    66  stm32f4xx_fsmc.o(.text)
    delay_schedlock                          0x08008cc5   Thumb Code     8  delay.o(.text)
    delay_schedunlock                        0x08008ccd   Thumb Code     8  delay.o(.text)
    delay_ostimedly                          0x08008cd5   Thumb Code    12  delay.o(.text)
    SysTick_Handler                          0x08008ce1   Thumb Code    24  delay.o(.text)
    delay_init                               0x08008cf9   Thumb Code    76  delay.o(.text)
    delay_us                                 0x08008d45   Thumb Code    86  delay.o(.text)
    delay_ms                                 0x08008d9b   Thumb Code    66  delay.o(.text)
    _sys_exit                                0x08008ded   Thumb Code     4  usart.o(.text)
    fputc                                    0x08008df1   Thumb Code    22  usart.o(.text)
    uart_init                                0x08008e07   Thumb Code   172  usart.o(.text)
    USART1_IRQHandler                        0x08008eb3   Thumb Code   130  usart.o(.text)
    usmart_sys_cmd_exe                       0x08008f45   Thumb Code  1554  usmart.o(.text)
    usmart_reset_runtime                     0x08009557   Thumb Code    38  usmart.o(.text)
    usmart_get_runtime                       0x0800957d   Thumb Code    56  usmart.o(.text)
    TIM4_IRQHandler                          0x080095b5   Thumb Code    50  usmart.o(.text)
    Timer4_Init                              0x080095e7   Thumb Code    90  usmart.o(.text)
    usmart_init                              0x08009641   Thumb Code    36  usmart.o(.text)
    usmart_cmd_rec                           0x08009665   Thumb Code   170  usmart.o(.text)
    usmart_exe                               0x0800970f   Thumb Code   872  usmart.o(.text)
    usmart_scan                              0x08009a77   Thumb Code   120  usmart.o(.text)
    read_addr                                0x08009aef   Thumb Code     6  usmart.o(.text)
    write_addr                               0x08009af5   Thumb Code     4  usmart.o(.text)
    usmart_strcmp                            0x08009b81   Thumb Code    34  usmart_str.o(.text)
    usmart_strcopy                           0x08009ba3   Thumb Code    22  usmart_str.o(.text)
    usmart_strlen                            0x08009bb9   Thumb Code    24  usmart_str.o(.text)
    usmart_pow                               0x08009bd1   Thumb Code    22  usmart_str.o(.text)
    usmart_str2num                           0x08009be7   Thumb Code   202  usmart_str.o(.text)
    usmart_get_cmdname                       0x08009cb1   Thumb Code    54  usmart_str.o(.text)
    usmart_search_nextc                      0x08009ce7   Thumb Code    22  usmart_str.o(.text)
    usmart_get_fname                         0x08009cfd   Thumb Code   440  usmart_str.o(.text)
    usmart_get_aparm                         0x08009eb5   Thumb Code   200  usmart_str.o(.text)
    usmart_get_parmpos                       0x08009f7d   Thumb Code    26  usmart_str.o(.text)
    usmart_get_fparam                        0x08009f97   Thumb Code   262  usmart_str.o(.text)
    lwip_pkt_handle                          0x0800a0a9   Thumb Code    10  lwip_comm.o(.text)
    lwip_comm_mem_free                       0x0800a0b3   Thumb Code    44  lwip_comm.o(.text)
    lwip_comm_mem_malloc                     0x0800a0df   Thumb Code   100  lwip_comm.o(.text)
    lwip_comm_default_ip_set                 0x0800a143   Thumb Code    92  lwip_comm.o(.text)
    lwip_comm_init                           0x0800a19f   Thumb Code   292  lwip_comm.o(.text)
    tcp_server_init                          0x0800a537   Thumb Code    32  tcp_server_demo.o(.text)
    etharp_tmr                               0x0800a671   Thumb Code   144  etharp.o(.text)
    etharp_cleanup_netif                     0x0800ab4f   Thumb Code    52  etharp.o(.text)
    etharp_find_addr                         0x0800ab83   Thumb Code   110  etharp.o(.text)
    etharp_request                           0x0800ae5b   Thumb Code    40  etharp.o(.text)
    etharp_query                             0x0800af11   Thumb Code   646  etharp.o(.text)
    etharp_output                            0x0800b197   Thumb Code   392  etharp.o(.text)
    ethernet_input                           0x0800b31f   Thumb Code   204  etharp.o(.text)
    ethernetif_input                         0x0800b5b7   Thumb Code    48  ethernetif.o(.text)
    ethernetif_init                          0x0800b5e7   Thumb Code    56  ethernetif.o(.text)
    icmp_input                               0x0800b6a5   Thumb Code   492  icmp.o(.text)
    icmp_dest_unreach                        0x0800b931   Thumb Code    18  icmp.o(.text)
    icmp_time_exceeded                       0x0800b943   Thumb Code    18  icmp.o(.text)
    inet_chksum_pseudo                       0x0800bb27   Thumb Code   170  inet_chksum.o(.text)
    inet_chksum_pseudo_partial               0x0800bbd1   Thumb Code   218  inet_chksum.o(.text)
    inet_chksum                              0x0800bcab   Thumb Code    20  inet_chksum.o(.text)
    inet_chksum_pbuf                         0x0800bcbf   Thumb Code    86  inet_chksum.o(.text)
    ip_route                                 0x0800bd7d   Thumb Code    80  ip.o(.text)
    ip_input                                 0x0800bdcd   Thumb Code   434  ip.o(.text)
    ip_output_if                             0x0800bf7f   Thumb Code   252  ip.o(.text)
    ip_output                                0x0800c07b   Thumb Code    84  ip.o(.text)
    ip4_addr_isbroadcast                     0x0800c17d   Thumb Code    78  ip_addr.o(.text)
    ip4_addr_netmask_valid                   0x0800c1cb   Thumb Code    56  ip_addr.o(.text)
    ipaddr_aton                              0x0800c203   Thumb Code   364  ip_addr.o(.text)
    ipaddr_addr                              0x0800c36f   Thumb Code    24  ip_addr.o(.text)
    ipaddr_ntoa_r                            0x0800c387   Thumb Code   168  ip_addr.o(.text)
    ipaddr_ntoa                              0x0800c42f   Thumb Code    16  ip_addr.o(.text)
    ip_reass_tmr                             0x0800c5f9   Thumb Code    56  ip_frag.o(.text)
    ip_reass                                 0x0800ca35   Thumb Code   410  ip_frag.o(.text)
    ip_frag                                  0x0800cc55   Thumb Code   630  ip_frag.o(.text)
    lwip_htons                               0x0800ced1   Thumb Code    12  def.o(.text)
    lwip_ntohs                               0x0800cedd   Thumb Code    12  def.o(.text)
    lwip_htonl                               0x0800cee9   Thumb Code    26  def.o(.text)
    lwip_ntohl                               0x0800cf03   Thumb Code    12  def.o(.text)
    lwip_init                                0x0800cf0f   Thumb Code    36  init.o(.text)
    memp_get_memorysize                      0x0800cf35   Thumb Code     8  memp.o(.text)
    memp_init                                0x0800cf3d   Thumb Code    86  memp.o(.text)
    memp_malloc                              0x0800cf93   Thumb Code   104  memp.o(.text)
    memp_free                                0x0800cffb   Thumb Code    74  memp.o(.text)
    netif_init                               0x0800d109   Thumb Code     2  netif.o(.text)
    netif_set_gw                             0x0800d10b   Thumb Code    16  netif.o(.text)
    netif_set_netmask                        0x0800d11b   Thumb Code    16  netif.o(.text)
    netif_set_ipaddr                         0x0800d12b   Thumb Code   124  netif.o(.text)
    netif_set_addr                           0x0800d1a7   Thumb Code    40  netif.o(.text)
    netif_add                                0x0800d1cf   Thumb Code   146  netif.o(.text)
    netif_set_default                        0x0800d261   Thumb Code    10  netif.o(.text)
    netif_set_down                           0x0800d26b   Thumb Code    42  netif.o(.text)
    netif_remove                             0x0800d295   Thumb Code    94  netif.o(.text)
    netif_find                               0x0800d2f3   Thumb Code    72  netif.o(.text)
    netif_set_up                             0x0800d33b   Thumb Code    54  netif.o(.text)
    netif_set_link_up                        0x0800d371   Thumb Code    54  netif.o(.text)
    netif_set_link_down                      0x0800d3a7   Thumb Code    24  netif.o(.text)
    pbuf_free                                0x0800d43d   Thumb Code   272  pbuf.o(.text)
    pbuf_alloc                               0x0800d54d   Thumb Code   652  pbuf.o(.text)
    pbuf_alloced_custom                      0x0800d7d9   Thumb Code   656  pbuf.o(.text)
    pbuf_realloc                             0x0800da69   Thumb Code   268  pbuf.o(.text)
    pbuf_header                              0x0800db75   Thumb Code   214  pbuf.o(.text)
    pbuf_clen                                0x0800dc4b   Thumb Code    18  pbuf.o(.text)
    pbuf_ref                                 0x0800dc5d   Thumb Code    26  pbuf.o(.text)
    pbuf_cat                                 0x0800dc77   Thumb Code   138  pbuf.o(.text)
    pbuf_chain                               0x0800dd01   Thumb Code    26  pbuf.o(.text)
    pbuf_dechain                             0x0800dd1b   Thumb Code   132  pbuf.o(.text)
    pbuf_copy                                0x0800dd9f   Thumb Code   790  pbuf.o(.text)
    pbuf_copy_partial                        0x0800e0b5   Thumb Code   190  pbuf.o(.text)
    pbuf_take                                0x0800e173   Thumb Code   210  pbuf.o(.text)
    pbuf_coalesce                            0x0800e245   Thumb Code    84  pbuf.o(.text)
    pbuf_get_at                              0x0800e299   Thumb Code    46  pbuf.o(.text)
    pbuf_memcmp                              0x0800e2c7   Thumb Code    96  pbuf.o(.text)
    pbuf_memfind                             0x0800e327   Thumb Code    76  pbuf.o(.text)
    pbuf_strstr                              0x0800e373   Thumb Code    60  pbuf.o(.text)
    raw_input                                0x0800e4dd   Thumb Code   102  raw.o(.text)
    raw_bind                                 0x0800e543   Thumb Code    16  raw.o(.text)
    raw_connect                              0x0800e553   Thumb Code    16  raw.o(.text)
    raw_recv                                 0x0800e563   Thumb Code     6  raw.o(.text)
    raw_sendto                               0x0800e569   Thumb Code   190  raw.o(.text)
    raw_send                                 0x0800e627   Thumb Code    18  raw.o(.text)
    raw_remove                               0x0800e639   Thumb Code    60  raw.o(.text)
    raw_new                                  0x0800e675   Thumb Code    46  raw.o(.text)
    tcp_init                                 0x0800e729   Thumb Code     2  tcp.o(.text)
    tcp_seg_free                             0x0800e72b   Thumb Code    26  tcp.o(.text)
    tcp_segs_free                            0x0800e745   Thumb Code    24  tcp.o(.text)
    tcp_pcb_purge                            0x0800e75d   Thumb Code    88  tcp.o(.text)
    tcp_slowtmr                              0x0800e7b5   Thumb Code  1436  tcp.o(.text)
    tcp_pcb_remove                           0x0800ed51   Thumb Code   192  tcp.o(.text)
    tcp_close                                0x0800efdd   Thumb Code    28  tcp.o(.text)
    tcp_update_rcv_ann_wnd                   0x0800eff9   Thumb Code   106  tcp.o(.text)
    tcp_recved                               0x0800f063   Thumb Code   392  tcp.o(.text)
    tcp_recv_null                            0x0800f1eb   Thumb Code    46  tcp.o(.text)
    tcp_process_refused_data                 0x0800f219   Thumb Code   148  tcp.o(.text)
    tcp_fasttmr                              0x0800f2ad   Thumb Code   114  tcp.o(.text)
    tcp_tmr                                  0x0800f31f   Thumb Code    30  tcp.o(.text)
    tcp_shutdown                             0x0800f33d   Thumb Code    98  tcp.o(.text)
    tcp_abandon                              0x0800f39f   Thumb Code   168  tcp.o(.text)
    tcp_abort                                0x0800f447   Thumb Code    14  tcp.o(.text)
    tcp_bind                                 0x0800f4b5   Thumb Code   170  tcp.o(.text)
    tcp_listen_with_backlog                  0x0800f567   Thumb Code   420  tcp.o(.text)
    tcp_eff_send_mss                         0x0800f70b   Thumb Code    46  tcp.o(.text)
    tcp_next_iss                             0x0800f739   Thumb Code    20  tcp.o(.text)
    tcp_connect                              0x0800f74d   Thumb Code   352  tcp.o(.text)
    tcp_setprio                              0x0800f8ad   Thumb Code     4  tcp.o(.text)
    tcp_alloc                                0x0800f937   Thumb Code   182  tcp.o(.text)
    tcp_new                                  0x0800f9ed   Thumb Code    10  tcp.o(.text)
    tcp_arg                                  0x0800f9f7   Thumb Code     4  tcp.o(.text)
    tcp_recv                                 0x0800f9fb   Thumb Code    42  tcp.o(.text)
    tcp_sent                                 0x0800fa25   Thumb Code    42  tcp.o(.text)
    tcp_err                                  0x0800fa4f   Thumb Code   258  tcp.o(.text)
    tcp_accept                               0x0800fb51   Thumb Code     4  tcp.o(.text)
    tcp_poll                                 0x0800fb55   Thumb Code    50  tcp.o(.text)
    tcp_debug_state_str                      0x0800fb87   Thumb Code    10  tcp.o(.text)
    tcp_input                                0x08010d7f   Thumb Code  1674  tcp_in.o(.text)
    tcp_enqueue_flags                        0x08011579   Thumb Code   418  tcp_out.o(.text)
    tcp_send_fin                             0x0801171b   Thumb Code    74  tcp_out.o(.text)
    tcp_write                                0x080119ff   Thumb Code  1744  tcp_out.o(.text)
    tcp_send_empty_ack                       0x080120cf   Thumb Code    86  tcp_out.o(.text)
    tcp_output                               0x080121f7   Thumb Code   710  tcp_out.o(.text)
    tcp_rst                                  0x080124bd   Thumb Code   162  tcp_out.o(.text)
    tcp_rexmit_rto                           0x0801255f   Thumb Code    58  tcp_out.o(.text)
    tcp_rexmit                               0x08012599   Thumb Code    90  tcp_out.o(.text)
    tcp_rexmit_fast                          0x080125f3   Thumb Code   120  tcp_out.o(.text)
    tcp_keepalive                            0x0801266b   Thumb Code    84  tcp_out.o(.text)
    tcp_zero_window_probe                    0x080126bf   Thumb Code   180  tcp_out.o(.text)
    sys_timeout                              0x08012775   Thumb Code   174  timers.o(.text)
    tcp_timer_needed                         0x0801284b   Thumb Code    38  timers.o(.text)
    sys_timeouts_init                        0x080128a5   Thumb Code    28  timers.o(.text)
    sys_untimeout                            0x080128c1   Thumb Code    90  timers.o(.text)
    sys_timeouts_mbox_fetch                  0x0801291b   Thumb Code   132  timers.o(.text)
    udp_init                                 0x08012a51   Thumb Code     2  udp.o(.text)
    udp_input                                0x08012aa3   Thumb Code   454  udp.o(.text)
    udp_bind                                 0x08012c69   Thumb Code   170  udp.o(.text)
    udp_sendto_if                            0x08012d13   Thumb Code   264  udp.o(.text)
    udp_sendto                               0x08012e1b   Thumb Code   256  udp.o(.text)
    udp_send                                 0x08012f1b   Thumb Code    20  udp.o(.text)
    udp_connect                              0x08012f2f   Thumb Code    98  udp.o(.text)
    udp_disconnect                           0x08012f91   Thumb Code    16  udp.o(.text)
    udp_recv                                 0x08012fa1   Thumb Code     6  udp.o(.text)
    udp_remove                               0x08012fa7   Thumb Code    60  udp.o(.text)
    udp_new                                  0x08012fe3   Thumb Code    28  udp.o(.text)
    mem_init                                 0x080130df   Thumb Code   114  mem.o(.text)
    mem_free                                 0x08013151   Thumb Code   182  mem.o(.text)
    mem_trim                                 0x08013207   Thumb Code   338  mem.o(.text)
    mem_malloc                               0x08013359   Thumb Code   796  mem.o(.text)
    mem_calloc                               0x08013675   Thumb Code    34  mem.o(.text)
    sys_mbox_new                             0x08013749   Thumb Code   108  sys_arch.o(.text)
    sys_mbox_free                            0x080137b5   Thumb Code    56  sys_arch.o(.text)
    sys_mbox_post                            0x080137ed   Thumb Code    28  sys_arch.o(.text)
    sys_mbox_trypost                         0x08013809   Thumb Code    32  sys_arch.o(.text)
    sys_arch_mbox_fetch                      0x08013829   Thumb Code   154  sys_arch.o(.text)
    sys_arch_mbox_tryfetch                   0x080138c3   Thumb Code    18  sys_arch.o(.text)
    sys_mbox_valid                           0x080138d5   Thumb Code    56  sys_arch.o(.text)
    sys_mbox_set_invalid                     0x0801390d   Thumb Code     6  sys_arch.o(.text)
    sys_sem_new                              0x08013913   Thumb Code    62  sys_arch.o(.text)
    sys_arch_sem_wait                        0x08013951   Thumb Code    96  sys_arch.o(.text)
    sys_sem_signal                           0x080139b1   Thumb Code    12  sys_arch.o(.text)
    sys_sem_free                             0x080139bd   Thumb Code    52  sys_arch.o(.text)
    sys_sem_valid                            0x080139f1   Thumb Code    22  sys_arch.o(.text)
    sys_sem_set_invalid                      0x08013a07   Thumb Code     6  sys_arch.o(.text)
    sys_init                                 0x08013a0d   Thumb Code     2  sys_arch.o(.text)
    sys_thread_new                           0x08013a0f   Thumb Code    66  sys_arch.o(.text)
    sys_msleep                               0x08013a51   Thumb Code    12  sys_arch.o(.text)
    sys_now                                  0x08013a5d   Thumb Code    26  sys_arch.o(.text)
    netconn_new_with_proto_and_callback      0x08013b1d   Thumb Code   194  api_lib.o(.text)
    netconn_delete                           0x08013bdf   Thumb Code    36  api_lib.o(.text)
    netconn_getaddr                          0x08013c03   Thumb Code   160  api_lib.o(.text)
    netconn_bind                             0x08013ca3   Thumb Code    98  api_lib.o(.text)
    netconn_connect                          0x08013d05   Thumb Code    98  api_lib.o(.text)
    netconn_disconnect                       0x08013d67   Thumb Code    84  api_lib.o(.text)
    netconn_listen_with_backlog              0x08013dbb   Thumb Code    86  api_lib.o(.text)
    netconn_accept                           0x08013e11   Thumb Code   808  api_lib.o(.text)
    netconn_recv_tcp_pbuf                    0x080142af   Thumb Code    56  api_lib.o(.text)
    netconn_recv                             0x080142e7   Thumb Code   270  api_lib.o(.text)
    netconn_recved                           0x080143f5   Thumb Code    46  api_lib.o(.text)
    netconn_send                             0x08014423   Thumb Code    98  api_lib.o(.text)
    netconn_sendto                           0x08014485   Thumb Code    44  api_lib.o(.text)
    netconn_write_partly                     0x080144b1   Thumb Code   434  api_lib.o(.text)
    netconn_close                            0x080146c3   Thumb Code    14  api_lib.o(.text)
    netconn_shutdown                         0x080146d1   Thumb Code    36  api_lib.o(.text)
    netconn_free                             0x080150f3   Thumb Code   330  api_msg.o(.text)
    netconn_alloc                            0x0801523d   Thumb Code   174  api_msg.o(.text)
    do_newconn                               0x0801544d   Thumb Code    32  api_msg.o(.text)
    do_delconn                               0x08015539   Thumb Code   636  api_msg.o(.text)
    do_bind                                  0x080157b5   Thumb Code   116  api_msg.o(.text)
    do_connect                               0x080158fd   Thumb Code   230  api_msg.o(.text)
    do_disconnect                            0x080159e3   Thumb Code    46  api_msg.o(.text)
    do_listen                                0x08015a11   Thumb Code   388  api_msg.o(.text)
    do_send                                  0x08015b95   Thumb Code   166  api_msg.o(.text)
    do_recv                                  0x08015c3b   Thumb Code    72  api_msg.o(.text)
    do_write                                 0x08015c83   Thumb Code   166  api_msg.o(.text)
    do_getaddr                               0x08015d29   Thumb Code   198  api_msg.o(.text)
    do_close                                 0x08015def   Thumb Code   184  api_msg.o(.text)
    netbuf_new                               0x08015ed9   Thumb Code    30  netbuf.o(.text)
    netbuf_delete                            0x08015ef7   Thumb Code    32  netbuf.o(.text)
    netbuf_alloc                             0x08015f17   Thumb Code   102  netbuf.o(.text)
    netbuf_free                              0x08015f7d   Thumb Code    48  netbuf.o(.text)
    netbuf_ref                               0x08015fad   Thumb Code    92  netbuf.o(.text)
    netbuf_chain                             0x08016009   Thumb Code    78  netbuf.o(.text)
    netbuf_data                              0x08016057   Thumb Code   122  netbuf.o(.text)
    netbuf_next                              0x080160d1   Thumb Code    64  netbuf.o(.text)
    netbuf_first                             0x08016111   Thumb Code    36  netbuf.o(.text)
    lwip_socket_init                         0x08016289   Thumb Code     2  sockets.o(.text)
    lwip_accept                              0x08016535   Thumb Code   668  sockets.o(.text)
    lwip_bind                                0x080167d1   Thumb Code   186  sockets.o(.text)
    lwip_close                               0x0801688b   Thumb Code    94  sockets.o(.text)
    lwip_connect                             0x080168e9   Thumb Code   206  sockets.o(.text)
    lwip_listen                              0x080169b7   Thumb Code   136  sockets.o(.text)
    lwip_recvfrom                            0x08016a3f   Thumb Code   816  sockets.o(.text)
    lwip_read                                0x08016d6f   Thumb Code    28  sockets.o(.text)
    lwip_recv                                0x08016d8b   Thumb Code    34  sockets.o(.text)
    lwip_sendto                              0x08016dad   Thumb Code   278  sockets.o(.text)
    lwip_send                                0x08016ec3   Thumb Code   156  sockets.o(.text)
    lwip_socket                              0x08016f5f   Thumb Code   296  sockets.o(.text)
    lwip_write                               0x08017087   Thumb Code    22  sockets.o(.text)
    lwip_select                              0x08017219   Thumb Code   868  sockets.o(.text)
    lwip_shutdown                            0x0801757d   Thumb Code   298  sockets.o(.text)
    lwip_getpeername                         0x08017729   Thumb Code    22  sockets.o(.text)
    lwip_getsockname                         0x0801773f   Thumb Code    22  sockets.o(.text)
    lwip_getsockopt                          0x08017951   Thumb Code   410  sockets.o(.text)
    lwip_setsockopt                          0x08017ca1   Thumb Code   318  sockets.o(.text)
    lwip_ioctl                               0x08017ddf   Thumb Code   116  sockets.o(.text)
    lwip_fcntl                               0x08017e53   Thumb Code   142  sockets.o(.text)
    tcpip_input                              0x08017fc7   Thumb Code    72  tcpip.o(.text)
    tcpip_callback_with_block                0x0801800f   Thumb Code    90  tcpip.o(.text)
    tcpip_timeout                            0x08018069   Thumb Code    64  tcpip.o(.text)
    tcpip_untimeout                          0x080180a9   Thumb Code    56  tcpip.o(.text)
    tcpip_apimsg                             0x080180e1   Thumb Code    60  tcpip.o(.text)
    tcpip_callbackmsg_new                    0x0801811d   Thumb Code    32  tcpip.o(.text)
    tcpip_callbackmsg_delete                 0x0801813d   Thumb Code    14  tcpip.o(.text)
    tcpip_trycallback                        0x0801814b   Thumb Code    28  tcpip.o(.text)
    tcpip_init                               0x08018167   Thumb Code    72  tcpip.o(.text)
    pbuf_free_callback                       0x080181bd   Thumb Code    16  tcpip.o(.text)
    mem_free_callback                        0x080181cd   Thumb Code    16  tcpip.o(.text)
    OS_StrLen                                0x08018299   Thumb Code    20  os_core.o(.text)
    OSEventNameGet                           0x080182ad   Thumb Code    98  os_core.o(.text)
    OSEventNameSet                           0x0801830f   Thumb Code    84  os_core.o(.text)
    OS_TaskStatStkChk                        0x08018363   Thumb Code    54  os_core.o(.text)
    OS_TaskStat                              0x08018399   Thumb Code   116  os_core.o(.text)
    OS_TaskIdle                              0x08018441   Thumb Code    34  os_core.o(.text)
    OS_MemClr                                0x08018497   Thumb Code    18  os_core.o(.text)
    OSInit                                   0x080185bd   Thumb Code    52  os_core.o(.text)
    OSIntEnter                               0x080185f1   Thumb Code    28  os_core.o(.text)
    OSIntExit                                0x08018627   Thumb Code   262  os_core.o(.text)
    OSSchedLock                              0x0801872d   Thumb Code    50  os_core.o(.text)
    OS_Sched                                 0x0801875f   Thumb Code    88  os_core.o(.text)
    OSSchedUnlock                            0x080187b7   Thumb Code    82  os_core.o(.text)
    OSStart                                  0x08018809   Thumb Code    48  os_core.o(.text)
    OSStatInit                               0x08018839   Thumb Code    62  os_core.o(.text)
    OSTimeTick                               0x08018877   Thumb Code   210  os_core.o(.text)
    OSVersion                                0x08018949   Thumb Code     6  os_core.o(.text)
    OS_Dummy                                 0x0801894f   Thumb Code     2  os_core.o(.text)
    OS_EventTaskRemove                       0x08018951   Thumb Code    42  os_core.o(.text)
    OS_EventTaskRdy                          0x0801897b   Thumb Code   114  os_core.o(.text)
    OS_EventTaskWait                         0x080189ed   Thumb Code   112  os_core.o(.text)
    OS_EventWaitListInit                     0x08018a5d   Thumb Code    28  os_core.o(.text)
    OS_MemCopy                               0x08018a79   Thumb Code    20  os_core.o(.text)
    OS_TCBInit                               0x08018a8d   Thumb Code   360  os_core.o(.text)
    OSFlagAccept                             0x08018c09   Thumb Code   252  os_flag.o(.text)
    OSFlagCreate                             0x08018d05   Thumb Code    86  os_flag.o(.text)
    OS_FlagUnlink                            0x08018d5b   Thumb Code    36  os_flag.o(.text)
    OSFlagDel                                0x08018dd1   Thumb Code   214  os_flag.o(.text)
    OSFlagNameGet                            0x08018ea7   Thumb Code    80  os_flag.o(.text)
    OSFlagNameSet                            0x08018ef7   Thumb Code    66  os_flag.o(.text)
    OSFlagPend                               0x08018fd1   Thumb Code   614  os_flag.o(.text)
    OSFlagPendGetFlagsRdy                    0x08019237   Thumb Code    26  os_flag.o(.text)
    OSFlagPost                               0x08019251   Thumb Code   312  os_flag.o(.text)
    OSFlagQuery                              0x08019389   Thumb Code    48  os_flag.o(.text)
    OS_FlagInit                              0x080193b9   Thumb Code    78  os_flag.o(.text)
    OSMemCreate                              0x08019415   Thumb Code   118  os_mem.o(.text)
    OSMemGet                                 0x0801948b   Thumb Code    62  os_mem.o(.text)
    OSMemNameGet                             0x080194c9   Thumb Code    60  os_mem.o(.text)
    OSMemNameSet                             0x08019505   Thumb Code    48  os_mem.o(.text)
    OSMemPut                                 0x08019535   Thumb Code    54  os_mem.o(.text)
    OSMemQuery                               0x0801956b   Thumb Code    52  os_mem.o(.text)
    OS_MemInit                               0x0801959f   Thumb Code    74  os_mem.o(.text)
    OSQAccept                                0x080195f9   Thumb Code    88  os_q.o(.text)
    OSQCreate                                0x08019651   Thumb Code   144  os_q.o(.text)
    OSQDel                                   0x080196e1   Thumb Code   244  os_q.o(.text)
    OSQFlush                                 0x080197d5   Thumb Code    36  os_q.o(.text)
    OSQPend                                  0x080197f9   Thumb Code   272  os_q.o(.text)
    OSQPendAbort                             0x08019909   Thumb Code   128  os_q.o(.text)
    OSQPost                                  0x08019989   Thumb Code   114  os_q.o(.text)
    OSQPostFront                             0x080199fb   Thumb Code   140  os_q.o(.text)
    OSQPostOpt                               0x08019a87   Thumb Code   182  os_q.o(.text)
    OSQQuery                                 0x08019b3d   Thumb Code    98  os_q.o(.text)
    OS_QInit                                 0x08019b9f   Thumb Code    72  os_q.o(.text)
    OSSemAccept                              0x08019bf1   Thumb Code    42  os_sem.o(.text)
    OSSemCreate                              0x08019c1b   Thumb Code    72  os_sem.o(.text)
    OSSemDel                                 0x08019c63   Thumb Code   230  os_sem.o(.text)
    OSSemPend                                0x08019d49   Thumb Code   222  os_sem.o(.text)
    OSSemPendAbort                           0x08019e27   Thumb Code   128  os_sem.o(.text)
    OSSemPost                                0x08019ea7   Thumb Code    88  os_sem.o(.text)
    OSSemQuery                               0x08019eff   Thumb Code    76  os_sem.o(.text)
    OSSemSet                                 0x08019f4b   Thumb Code    66  os_sem.o(.text)
    OSTaskChangePrio                         0x08019fcd   Thumb Code   308  os_task.o(.text)
    OSTaskCreate                             0x0801a101   Thumb Code   148  os_task.o(.text)
    OS_TaskStkClr                            0x0801a195   Thumb Code    26  os_task.o(.text)
    OSTaskCreateExt                          0x0801a1af   Thumb Code   170  os_task.o(.text)
    OSTaskDel                                0x0801a259   Thumb Code   294  os_task.o(.text)
    OSTaskDelReq                             0x0801a37f   Thumb Code   144  os_task.o(.text)
    OSTaskNameGet                            0x0801a40f   Thumb Code   114  os_task.o(.text)
    OSTaskNameSet                            0x0801a481   Thumb Code    98  os_task.o(.text)
    OSTaskResume                             0x0801a4e3   Thumb Code   154  os_task.o(.text)
    OSTaskStkChk                             0x0801a57d   Thumb Code   132  os_task.o(.text)
    OSTaskSuspend                            0x0801a601   Thumb Code   152  os_task.o(.text)
    OSTaskQuery                              0x0801a699   Thumb Code    82  os_task.o(.text)
    OSTaskRegGet                             0x0801a6eb   Thumb Code    60  os_task.o(.text)
    OSTaskRegSet                             0x0801a727   Thumb Code    62  os_task.o(.text)
    OS_TaskReturn                            0x0801a765   Thumb Code    18  os_task.o(.text)
    OSTimeDly                                0x0801a791   Thumb Code   100  os_time.o(.text)
    OSTimeDlyHMSM                            0x0801a7f5   Thumb Code    86  os_time.o(.text)
    OSTimeDlyResume                          0x0801a84b   Thumb Code   168  os_time.o(.text)
    OSTimeGet                                0x0801a8f3   Thumb Code    24  os_time.o(.text)
    OSTimeSet                                0x0801a90b   Thumb Code    24  os_time.o(.text)
    OSTmrCreate                              0x0801a973   Thumb Code    96  os_tmr.o(.text)
    OSTmrDel                                 0x0801aa4b   Thumb Code   124  os_tmr.o(.text)
    OSTmrNameGet                             0x0801aac7   Thumb Code   114  os_tmr.o(.text)
    OSTmrRemainGet                           0x0801ab39   Thumb Code   164  os_tmr.o(.text)
    OSTmrStateGet                            0x0801abdd   Thumb Code    86  os_tmr.o(.text)
    OSTmrStart                               0x0801ac97   Thumb Code   128  os_tmr.o(.text)
    OSTmrStop                                0x0801ad17   Thumb Code   210  os_tmr.o(.text)
    OSTmrSignal                              0x0801ade9   Thumb Code    16  os_tmr.o(.text)
    OSTmr_Init                               0x0801ae9d   Thumb Code   172  os_tmr.o(.text)
    OSInitHookBegin                          0x0801afb1   Thumb Code     8  os_cpu_c.o(.text)
    OSInitHookEnd                            0x0801afb9   Thumb Code     2  os_cpu_c.o(.text)
    OSTaskCreateHook                         0x0801afbb   Thumb Code     2  os_cpu_c.o(.text)
    OSTaskDelHook                            0x0801afbd   Thumb Code     2  os_cpu_c.o(.text)
    OSTaskIdleHook                           0x0801afbf   Thumb Code     2  os_cpu_c.o(.text)
    OSTaskStatHook                           0x0801afc1   Thumb Code     2  os_cpu_c.o(.text)
    OSTaskStkInit                            0x0801afc3   Thumb Code   426  os_cpu_c.o(.text)
    OSTaskSwHook                             0x0801b16d   Thumb Code     2  os_cpu_c.o(.text)
    OSTCBInitHook                            0x0801b16f   Thumb Code     2  os_cpu_c.o(.text)
    OSTimeTickHook                           0x0801b171   Thumb Code    30  os_cpu_c.o(.text)
    OSTaskReturnHook                         0x0801b18f   Thumb Code     2  os_cpu_c.o(.text)
    OS_CPU_SR_Save                           0x0801b199   Thumb Code     0  os_cpu_a.o(.text)
    OS_CPU_SR_Restore                        0x0801b1a1   Thumb Code     0  os_cpu_a.o(.text)
    OSStartHighRdy                           0x0801b1a7   Thumb Code     0  os_cpu_a.o(.text)
    OSCtxSw                                  0x0801b1cb   Thumb Code     0  os_cpu_a.o(.text)
    OSIntCtxSw                               0x0801b1d9   Thumb Code     0  os_cpu_a.o(.text)
    PendSV_Handler                           0x0801b1e9   Thumb Code     0  os_cpu_a.o(.text)
    mymemcpy                                 0x0801b261   Thumb Code    26  malloc.o(.text)
    mymemset                                 0x0801b27b   Thumb Code    20  malloc.o(.text)
    mymem_init                               0x0801b28f   Thumb Code    54  malloc.o(.text)
    mem_perused                              0x0801b2c5   Thumb Code    54  malloc.o(.text)
    mymem_malloc                             0x0801b2fb   Thumb Code   162  malloc.o(.text)
    mymem_free                               0x0801b39d   Thumb Code    94  malloc.o(.text)
    myfree                                   0x0801b3fb   Thumb Code    32  malloc.o(.text)
    mymalloc                                 0x0801b41b   Thumb Code    36  malloc.o(.text)
    myrealloc                                0x0801b43f   Thumb Code    68  malloc.o(.text)
    __use_no_semihosting                     0x0801b495   Thumb Code     2  use_no_semi_2.o(.text)
    __rt_ctype_table                         0x0801b499   Thumb Code    16  rt_ctype_table.o(.text)
    __2printf                                0x0801b4a9   Thumb Code    20  noretval__2printf.o(.text)
    __2sprintf                               0x0801b4c1   Thumb Code    34  noretval__2sprintf.o(.text)
    _printf_pre_padding                      0x0801b4e9   Thumb Code    44  _printf_pad.o(.text)
    _printf_post_padding                     0x0801b515   Thumb Code    34  _printf_pad.o(.text)
    _printf_str                              0x0801b537   Thumb Code    82  _printf_str.o(.text)
    _printf_int_dec                          0x0801b589   Thumb Code   104  _printf_dec.o(.text)
    _printf_int_hex                          0x0801b601   Thumb Code    84  _printf_hex_int.o(.text)
    _printf_longlong_hex                     0x0801b601   Thumb Code     0  _printf_hex_int.o(.text)
    __printf                                 0x0801b659   Thumb Code   388  __printf_flags_ss_wp.o(.text)
    memcmp                                   0x0801b7e1   Thumb Code    88  memcmp.o(.text)
    strlen                                   0x0801b839   Thumb Code    62  strlen.o(.text)
    __aeabi_memcpy                           0x0801b877   Thumb Code     0  rt_memcpy_v6.o(.text)
    __rt_memcpy                              0x0801b877   Thumb Code   138  rt_memcpy_v6.o(.text)
    _memcpy_lastbytes                        0x0801b8dd   Thumb Code     0  rt_memcpy_v6.o(.text)
    __aeabi_memclr                           0x0801b901   Thumb Code     0  rt_memclr.o(.text)
    __rt_memclr                              0x0801b901   Thumb Code    68  rt_memclr.o(.text)
    _memset                                  0x0801b905   Thumb Code     0  rt_memclr.o(.text)
    __aeabi_memclr4                          0x0801b945   Thumb Code     0  rt_memclr_w.o(.text)
    __aeabi_memclr8                          0x0801b945   Thumb Code     0  rt_memclr_w.o(.text)
    __rt_memclr_w                            0x0801b945   Thumb Code    78  rt_memclr_w.o(.text)
    _memset_w                                0x0801b949   Thumb Code     0  rt_memclr_w.o(.text)
    strcmp                                   0x0801b995   Thumb Code   128  strcmpv7m.o(.text)
    __use_two_region_memory                  0x0801ba15   Thumb Code     2  heapauxi.o(.text)
    __rt_heap_escrow$2region                 0x0801ba17   Thumb Code     2  heapauxi.o(.text)
    __rt_heap_expand$2region                 0x0801ba19   Thumb Code     2  heapauxi.o(.text)
    __I$use$semihosting                      0x0801ba1b   Thumb Code     0  use_no_semi.o(.text)
    __use_no_semihosting_swi                 0x0801ba1b   Thumb Code     2  use_no_semi.o(.text)
    __rt_locale                              0x0801ba1d   Thumb Code     8  rt_locale_intlibspace.o(.text)
    _printf_int_common                       0x0801ba25   Thumb Code   178  _printf_intcommon.o(.text)
    _printf_char_common                      0x0801bae3   Thumb Code    32  _printf_char_common.o(.text)
    _sputc                                   0x0801bb09   Thumb Code    10  _sputc.o(.text)
    _printf_cs_common                        0x0801bb13   Thumb Code    20  _printf_char.o(.text)
    _printf_char                             0x0801bb27   Thumb Code    16  _printf_char.o(.text)
    _printf_string                           0x0801bb37   Thumb Code     8  _printf_char.o(.text)
    _printf_char_file                        0x0801bb41   Thumb Code    32  _printf_char_file.o(.text)
    __aeabi_memcpy4                          0x0801bb65   Thumb Code     0  rt_memcpy_w.o(.text)
    __aeabi_memcpy8                          0x0801bb65   Thumb Code     0  rt_memcpy_w.o(.text)
    __rt_memcpy_w                            0x0801bb65   Thumb Code   100  rt_memcpy_w.o(.text)
    _memcpy_lastbytes_aligned                0x0801bbad   Thumb Code     0  rt_memcpy_w.o(.text)
    __user_libspace                          0x0801bbc9   Thumb Code     8  libspace.o(.text)
    __user_perproc_libspace                  0x0801bbc9   Thumb Code     0  libspace.o(.text)
    __user_perthread_libspace                0x0801bbc9   Thumb Code     0  libspace.o(.text)
    ferror                                   0x0801bbd1   Thumb Code     8  ferror.o(.text)
    __user_setup_stackheap                   0x0801bbd9   Thumb Code    74  sys_stackheap_outer.o(.text)
    exit                                     0x0801bc23   Thumb Code    12  exit.o(.text)
    _is_digit                                0x0801bc2f   Thumb Code    14  __printf_wp.o(i._is_digit)
    _get_lc_ctype                            0x0801bc3d   Thumb Code    44  lc_ctype_c.o(locale$$code)
    __aeabi_d2uiz                            0x0801bc69   Thumb Code     0  dfixu.o(x$fpl$dfixu)
    _dfixu                                   0x0801bc69   Thumb Code    90  dfixu.o(x$fpl$dfixu)
    __aeabi_ui2d                             0x0801bcc3   Thumb Code     0  dflt_clz.o(x$fpl$dfltu)
    _dfltu                                   0x0801bcc3   Thumb Code    38  dflt_clz.o(x$fpl$dfltu)
    __aeabi_dmul                             0x0801bce9   Thumb Code     0  dmul.o(x$fpl$dmul)
    _dmul                                    0x0801bce9   Thumb Code   332  dmul.o(x$fpl$dmul)
    __fpl_dnaninf                            0x0801be3d   Thumb Code   156  dnaninf.o(x$fpl$dnaninf)
    __fpl_dretinf                            0x0801bed9   Thumb Code    12  dretinf.o(x$fpl$dretinf)
    _fp_init                                 0x0801bee5   Thumb Code    10  fpinit.o(x$fpl$fpinit)
    __fplib_config_fpu_vfp                   0x0801beed   Thumb Code     0  fpinit.o(x$fpl$fpinit)
    __fplib_config_pureend_doubles           0x0801beed   Thumb Code     0  fpinit.o(x$fpl$fpinit)
    __I$use$fp                               0x0801beee   Number         0  usenofp.o(x$fpl$usenofp)
    asc2_1206                                0x0801beee   Data        1140  lcd.o(.constdata)
    asc2_1608                                0x0801c362   Data        1520  lcd.o(.constdata)
    asc2_2412                                0x0801c952   Data        3420  lcd.o(.constdata)
    FSMC_DefaultTimingStruct                 0x0801d6b0   Data          28  stm32f4xx_fsmc.o(.constdata)
    ethbroadcast                             0x0801d6cc   Data           6  etharp.o(.constdata)
    ethzero                                  0x0801d6d2   Data           6  etharp.o(.constdata)
    ip_addr_any                              0x0801d6d8   Data           4  ip_addr.o(.constdata)
    ip_addr_broadcast                        0x0801d6dc   Data           4  ip_addr.o(.constdata)
    tcp_state_str                            0x0801d718   Data          44  tcp.o(.constdata)
    tcp_backoff                              0x0801d744   Data          13  tcp.o(.constdata)
    tcp_persist_backoff                      0x0801d751   Data           7  tcp.o(.constdata)
    tcp_pcb_lists                            0x0801d758   Data          16  tcp.o(.constdata)
    pvNullPointer                            0x0801d768   Data           4  sys_arch.o(.constdata)
    OSUnMapTbl                               0x0801d7ac   Data         256  os_core.o(.constdata)
    memtblsize                               0x0801d8ac   Data          12  malloc.o(.constdata)
    memblksize                               0x0801d8b8   Data          12  malloc.o(.constdata)
    memsize                                  0x0801d8c4   Data          12  malloc.o(.constdata)
    Region$$Table$$Base                      0x0801dc1c   Number         0  anon$$obj.o(Region$$Table)
    Region$$Table$$Limit                     0x0801dc3c   Number         0  anon$$obj.o(Region$$Table)
    __ctype                                  0x0801dc49   Data           0  lc_ctype_c.o(locale$$data)
    mem3base                                 0x10000000   Data       61440  malloc.o(.ARM.__AT_0x10000000)
    mem3mapbase                              0x1000f000   Data        3840  malloc.o(.ARM.__AT_0x1000F000)
    SystemCoreClock                          0x20000000   Data           4  system_stm32f4xx.o(.data)
    AHBPrescTable                            0x20000004   Data          16  system_stm32f4xx.o(.data)
    POINT_COLOR                              0x20000016   Data           2  lcd.o(.data)
    BACK_COLOR                               0x20000018   Data           2  lcd.o(.data)
    DMARxDscrTab                             0x2000001c   Data           4  lan8720.o(.data)
    DMATxDscrTab                             0x20000020   Data           4  lan8720.o(.data)
    Rx_Buff                                  0x20000024   Data           4  lan8720.o(.data)
    Tx_Buff                                  0x20000028   Data           4  lan8720.o(.data)
    DMATxDescToSet                           0x2000003c   Data           4  stm32f4x7_eth.o(.data)
    DMARxDescToGet                           0x20000040   Data           4  stm32f4x7_eth.o(.data)
    DMA_RX_FRAME_infos                       0x20000044   Data           4  stm32f4x7_eth.o(.data)
    Frame_Rx_index                           0x20000048   Data           4  stm32f4x7_eth.o(.data)
    __stdout                                 0x20000050   Data           4  usart.o(.data)
    USART_RX_STA                             0x20000054   Data           2  usart.o(.data)
    sys_cmd_tab                              0x20000058   Data          28  usmart.o(.data)
    usmart_nametab                           0x20000074   Data          48  usmart_config.o(.data)
    usmart_dev                               0x200000a4   Data         244  usmart_config.o(.data)
    TCPIP_THREAD_TASK_STK                    0x20000198   Data           4  lwip_comm.o(.data)
    LWIP_DHCP_TASK_STK                       0x2000019c   Data           4  lwip_comm.o(.data)
    tcp_server_sendbuf                       0x200001a0   Data           4  tcp_server_demo.o(.data)
    tcp_server_flag                          0x200001a4   Data           1  tcp_server_demo.o(.data)
    current_netif                            0x200001b0   Data           4  ip.o(.data)
    current_header                           0x200001b4   Data           4  ip.o(.data)
    current_iphdr_src                        0x200001b8   Data           4  ip.o(.data)
    current_iphdr_dest                       0x200001bc   Data           4  ip.o(.data)
    memp_memory                              0x20000204   Data           4  memp.o(.data)
    netif_list                               0x20000208   Data           4  netif.o(.data)
    netif_default                            0x2000020c   Data           4  netif.o(.data)
    tcp_ticks                                0x2000021c   Data           4  tcp.o(.data)
    tcp_bound_pcbs                           0x20000220   Data           4  tcp.o(.data)
    tcp_listen_pcbs                          0x20000224   Data           4  tcp.o(.data)
    tcp_active_pcbs                          0x20000228   Data           4  tcp.o(.data)
    tcp_tw_pcbs                              0x2000022c   Data           4  tcp.o(.data)
    tcp_tmp_pcb                              0x20000230   Data           4  tcp.o(.data)
    tcp_active_pcbs_changed                  0x20000234   Data           1  tcp.o(.data)
    tcp_input_pcb                            0x20000258   Data           4  tcp_in.o(.data)
    udp_pcbs                                 0x20000268   Data           4  udp.o(.data)
    ram_heap                                 0x2000026c   Data           4  mem.o(.data)
    OSCtxSwCtr                               0x20000294   Data           4  os_core.o(.data)
    OSEventFreeList                          0x20000298   Data           4  os_core.o(.data)
    OSFlagFreeList                           0x2000029c   Data           4  os_core.o(.data)
    OSCPUUsage                               0x200002a0   Data           1  os_core.o(.data)
    OSIdleCtrMax                             0x200002a4   Data           4  os_core.o(.data)
    OSIdleCtrRun                             0x200002a8   Data           4  os_core.o(.data)
    OSStatRdy                                0x200002ac   Data           1  os_core.o(.data)
    OSIntNesting                             0x200002ad   Data           1  os_core.o(.data)
    OSLockNesting                            0x200002ae   Data           1  os_core.o(.data)
    OSPrioCur                                0x200002af   Data           1  os_core.o(.data)
    OSPrioHighRdy                            0x200002b0   Data           1  os_core.o(.data)
    OSRdyGrp                                 0x200002b1   Data           1  os_core.o(.data)
    OSRdyTbl                                 0x200002b2   Data           8  os_core.o(.data)
    OSRunning                                0x200002ba   Data           1  os_core.o(.data)
    OSTaskCtr                                0x200002bb   Data           1  os_core.o(.data)
    OSIdleCtr                                0x200002bc   Data           4  os_core.o(.data)
    OSTCBCur                                 0x200002c0   Data           4  os_core.o(.data)
    OSTCBFreeList                            0x200002c4   Data           4  os_core.o(.data)
    OSTCBHighRdy                             0x200002c8   Data           4  os_core.o(.data)
    OSTCBList                                0x200002cc   Data           4  os_core.o(.data)
    OSTickStepState                          0x200002d0   Data           1  os_core.o(.data)
    OSMemFreeList                            0x200002d4   Data           4  os_core.o(.data)
    OSQFreeList                              0x200002d8   Data           4  os_core.o(.data)
    OSTime                                   0x200002dc   Data           4  os_core.o(.data)
    OSTmrFree                                0x200002e0   Data           2  os_core.o(.data)
    OSTmrUsed                                0x200002e2   Data           2  os_core.o(.data)
    OSTmrTime                                0x200002e4   Data           4  os_core.o(.data)
    OSTmrSem                                 0x200002e8   Data           4  os_core.o(.data)
    OSTmrSemSignal                           0x200002ec   Data           4  os_core.o(.data)
    OSTmrFreeList                            0x200002f0   Data           4  os_core.o(.data)
    OSInterrputSum                           0x200002f4   Data           4  os_cpu_c.o(.data)
    mallco_dev                               0x200002fc   Data          36  malloc.o(.data)
    KEY_TASK_STK                             0x20000320   Data         512  main.o(.bss)
    LED_TASK_STK                             0x20000520   Data         256  main.o(.bss)
    DISPLAY_TASK_STK                         0x20000620   Data         512  main.o(.bss)
    START_TASK_STK                           0x20000820   Data         512  main.o(.bss)
    lcddev                                   0x20000a20   Data          14  lcd.o(.bss)
    RX_Frame_Descriptor                      0x20000a30   Data          12  stm32f4x7_eth.o(.bss)
    USART_RX_BUF                             0x20000a3c   Data         200  usart.o(.bss)
    lwipdev                                  0x20000b04   Data          23  lwip_comm.o(.bss)
    lwip_netif                               0x20000b1c   Data          48  lwip_comm.o(.bss)
    tcp_server_recvbuf                       0x20000b4c   Data        2000  tcp_server_demo.o(.bss)
    TCPSERVER_TASK_STK                       0x2000131c   Data        1200  tcp_server_demo.o(.bss)
    OSEventTbl                               0x20001950   Data         240  os_core.o(.bss)
    OSFlagTbl                                0x20001a40   Data          80  os_core.o(.bss)
    OSTaskStatStk                            0x20001a90   Data         512  os_core.o(.bss)
    OSTaskIdleStk                            0x20001c90   Data         512  os_core.o(.bss)
    OSTCBPrioTbl                             0x20001e90   Data         256  os_core.o(.bss)
    OSTCBTbl                                 0x20001f90   Data        1008  os_core.o(.bss)
    OSMemTbl                                 0x20002380   Data         120  os_core.o(.bss)
    OSQTbl                                   0x200023f8   Data         120  os_core.o(.bss)
    OSTmrTbl                                 0x20002470   Data         640  os_core.o(.bss)
    OSTmrTaskStk                             0x200026f0   Data         512  os_core.o(.bss)
    OSTmrWheelTbl                            0x200028f0   Data          64  os_core.o(.bss)
    mem1base                                 0x20002930   Data       102400  malloc.o(.bss)
    mem1mapbase                              0x2001b930   Data        6400  malloc.o(.bss)
    __libspace_start                         0x2001d230   Data          96  libspace.o(.bss)
    __temporary_stack_top$libspace           0x2001d290   Data           0  libspace.o(.bss)
    mem2base                                 0x68000000   Data       204800  malloc.o(.ARM.__AT_0x68000000)
    mem2mapbase                              0x68032000   Data       12800  malloc.o(.ARM.__AT_0x68032000)



==============================================================================

Memory Map of the image

  Image Entry point : 0x08000189

  Load Region LR_IROM1 (Base: 0x08000000, Size: 0x0001e06c, Max: 0x00080000, ABSOLUTE, COMPRESSED[0x0001de18])

    Execution Region ER_IROM1 (Base: 0x08000000, Size: 0x0001dd4c, Max: 0x00080000, ABSOLUTE)

    Base Addr    Size         Type   Attr      Idx    E Section Name        Object

    0x08000000   0x00000188   Data   RO          446    RESET               startup_stm32f40_41xxx.o
    0x08000188   0x00000008   Code   RO         2155  * !!!main             c_w.l(__main.o)
    0x08000190   0x00000034   Code   RO         2355    !!!scatter          c_w.l(__scatter.o)
    0x080001c4   0x0000005a   Code   RO         2353    !!dczerorl2         c_w.l(__dczerorl2.o)
    0x0800021e   0x00000002   PAD
    0x08000220   0x0000001c   Code   RO         2357    !!handler_zi        c_w.l(__scatter_zi.o)
    0x0800023c   0x00000000   Code   RO         2140    .ARM.Collect$$_printf_percent$$00000000  c_w.l(_printf_percent.o)
    0x0800023c   0x00000006   Code   RO         2138    .ARM.Collect$$_printf_percent$$00000009  c_w.l(_printf_d.o)
    0x08000242   0x00000006   Code   RO         2139    .ARM.Collect$$_printf_percent$$0000000A  c_w.l(_printf_u.o)
    0x08000248   0x00000006   Code   RO         2137    .ARM.Collect$$_printf_percent$$0000000C  c_w.l(_printf_x.o)
    0x0800024e   0x00000006   Code   RO         2135    .ARM.Collect$$_printf_percent$$00000013  c_w.l(_printf_c.o)
    0x08000254   0x00000006   Code   RO         2136    .ARM.Collect$$_printf_percent$$00000014  c_w.l(_printf_s.o)
    0x0800025a   0x00000004   Code   RO         2187    .ARM.Collect$$_printf_percent$$00000017  c_w.l(_printf_percent_end.o)
    0x0800025e   0x00000002   Code   RO         2278    .ARM.Collect$$libinit$$00000000  c_w.l(libinit.o)
    0x08000260   0x00000004   Code   RO         2222    .ARM.Collect$$libinit$$00000001  c_w.l(libinit2.o)
    0x08000264   0x00000000   Code   RO         2225    .ARM.Collect$$libinit$$00000004  c_w.l(libinit2.o)
    0x08000264   0x00000000   Code   RO         2228    .ARM.Collect$$libinit$$0000000A  c_w.l(libinit2.o)
    0x08000264   0x00000000   Code   RO         2230    .ARM.Collect$$libinit$$0000000C  c_w.l(libinit2.o)
    0x08000264   0x00000000   Code   RO         2232    .ARM.Collect$$libinit$$0000000E  c_w.l(libinit2.o)
    0x08000264   0x00000006   Code   RO         2233    .ARM.Collect$$libinit$$0000000F  c_w.l(libinit2.o)
    0x0800026a   0x00000000   Code   RO         2235    .ARM.Collect$$libinit$$00000011  c_w.l(libinit2.o)
    0x0800026a   0x0000000c   Code   RO         2236    .ARM.Collect$$libinit$$00000012  c_w.l(libinit2.o)
    0x08000276   0x00000000   Code   RO         2237    .ARM.Collect$$libinit$$00000013  c_w.l(libinit2.o)
    0x08000276   0x00000000   Code   RO         2239    .ARM.Collect$$libinit$$00000015  c_w.l(libinit2.o)
    0x08000276   0x00000000   Code   RO         2241    .ARM.Collect$$libinit$$00000017  c_w.l(libinit2.o)
    0x08000276   0x00000000   Code   RO         2243    .ARM.Collect$$libinit$$00000019  c_w.l(libinit2.o)
    0x08000276   0x00000000   Code   RO         2245    .ARM.Collect$$libinit$$0000001B  c_w.l(libinit2.o)
    0x08000276   0x00000000   Code   RO         2247    .ARM.Collect$$libinit$$0000001D  c_w.l(libinit2.o)
    0x08000276   0x00000000   Code   RO         2249    .ARM.Collect$$libinit$$0000001F  c_w.l(libinit2.o)
    0x08000276   0x00000000   Code   RO         2251    .ARM.Collect$$libinit$$00000021  c_w.l(libinit2.o)
    0x08000276   0x00000000   Code   RO         2253    .ARM.Collect$$libinit$$00000023  c_w.l(libinit2.o)
    0x08000276   0x00000000   Code   RO         2255    .ARM.Collect$$libinit$$00000025  c_w.l(libinit2.o)
    0x08000276   0x00000000   Code   RO         2259    .ARM.Collect$$libinit$$0000002C  c_w.l(libinit2.o)
    0x08000276   0x00000000   Code   RO         2261    .ARM.Collect$$libinit$$0000002E  c_w.l(libinit2.o)
    0x08000276   0x00000000   Code   RO         2263    .ARM.Collect$$libinit$$00000030  c_w.l(libinit2.o)
    0x08000276   0x00000000   Code   RO         2265    .ARM.Collect$$libinit$$00000032  c_w.l(libinit2.o)
    0x08000276   0x00000002   Code   RO         2266    .ARM.Collect$$libinit$$00000033  c_w.l(libinit2.o)
    0x08000278   0x00000002   Code   RO         2311    .ARM.Collect$$libshutdown$$00000000  c_w.l(libshutdown.o)
    0x0800027a   0x00000000   Code   RO         2318    .ARM.Collect$$libshutdown$$00000003  c_w.l(libshutdown2.o)
    0x0800027a   0x00000000   Code   RO         2321    .ARM.Collect$$libshutdown$$00000006  c_w.l(libshutdown2.o)
    0x0800027a   0x00000000   Code   RO         2324    .ARM.Collect$$libshutdown$$00000009  c_w.l(libshutdown2.o)
    0x0800027a   0x00000000   Code   RO         2326    .ARM.Collect$$libshutdown$$0000000B  c_w.l(libshutdown2.o)
    0x0800027a   0x00000000   Code   RO         2329    .ARM.Collect$$libshutdown$$0000000E  c_w.l(libshutdown2.o)
    0x0800027a   0x00000002   Code   RO         2330    .ARM.Collect$$libshutdown$$0000000F  c_w.l(libshutdown2.o)
    0x0800027c   0x00000000   Code   RO         2171    .ARM.Collect$$rtentry$$00000000  c_w.l(__rtentry.o)
    0x0800027c   0x00000000   Code   RO         2202    .ARM.Collect$$rtentry$$00000002  c_w.l(__rtentry2.o)
    0x0800027c   0x00000006   Code   RO         2214    .ARM.Collect$$rtentry$$00000004  c_w.l(__rtentry4.o)
    0x08000282   0x00000000   Code   RO         2204    .ARM.Collect$$rtentry$$00000009  c_w.l(__rtentry2.o)
    0x08000282   0x00000004   Code   RO         2205    .ARM.Collect$$rtentry$$0000000A  c_w.l(__rtentry2.o)
    0x08000286   0x00000000   Code   RO         2207    .ARM.Collect$$rtentry$$0000000C  c_w.l(__rtentry2.o)
    0x08000286   0x00000008   Code   RO         2208    .ARM.Collect$$rtentry$$0000000D  c_w.l(__rtentry2.o)
    0x0800028e   0x00000002   Code   RO         2281    .ARM.Collect$$rtexit$$00000000  c_w.l(rtexit.o)
    0x08000290   0x00000000   Code   RO         2290    .ARM.Collect$$rtexit$$00000002  c_w.l(rtexit2.o)
    0x08000290   0x00000004   Code   RO         2291    .ARM.Collect$$rtexit$$00000003  c_w.l(rtexit2.o)
    0x08000294   0x00000006   Code   RO         2292    .ARM.Collect$$rtexit$$00000004  c_w.l(rtexit2.o)
    0x0800029a   0x00000002   PAD
    0x0800029c   0x000003b0   Code   RO            3    .text               main.o
    0x0800064c   0x00000014   Code   RO          221    .text               stm32f4xx_it.o
    0x08000660   0x00000210   Code   RO          270    .text               system_stm32f4xx.o
    0x08000870   0x000000e0   Code   RO          296    .text               key.o
    0x08000950   0x00000084   Code   RO          317    .text               led.o
    0x080009d4   0x00000070   Code   RO          337    .text               timer.o
    0x08000a44   0x00004ca8   Code   RO          357    .text               lcd.o
    0x080056ec   0x00000390   Code   RO          395    .text               lan8720.o
    0x08005a7c   0x000002a4   Code   RO          426    .text               sram.o
    0x08005d20   0x00000040   Code   RO          447    .text               startup_stm32f40_41xxx.o
    0x08005d60   0x000000e0   Code   RO          453    .text               misc.o
    0x08005e40   0x00000294   Code   RO          473    .text               stm32f4xx_gpio.o
    0x080060d4   0x0000065c   Code   RO          493    .text               stm32f4xx_rcc.o
    0x08006730   0x00000094   Code   RO          515    .text               stm32f4xx_syscfg.o
    0x080067c4   0x00000ca2   Code   RO          535    .text               stm32f4xx_tim.o
    0x08007466   0x00000002   PAD
    0x08007468   0x00000454   Code   RO          555    .text               stm32f4xx_usart.o
    0x080078bc   0x00000e40   Code   RO          575    .text               stm32f4x7_eth.o
    0x080086fc   0x000005c8   Code   RO          622    .text               stm32f4xx_fsmc.o
    0x08008cc4   0x00000128   Code   RO          645    .text               delay.o
    0x08008dec   0x00000158   Code   RO          685    .text               usart.o
    0x08008f44   0x00000c3c   Code   RO          716    .text               usmart.o
    0x08009b80   0x00000528   Code   RO          761    .text               usmart_str.o
    0x0800a0a8   0x00000308   Code   RO          781    .text               lwip_comm.o
    0x0800a3b0   0x00000250   Code   RO          902    .text               tcp_server_demo.o
    0x0800a600   0x00000e7c   Code   RO          944    .text               etharp.o
    0x0800b47c   0x00000228   Code   RO          988    .text               ethernetif.o
    0x0800b6a4   0x00000424   Code   RO         1040    .text               icmp.o
    0x0800bac8   0x000002b4   Code   RO         1094    .text               inet_chksum.o
    0x0800bd7c   0x00000400   Code   RO         1114    .text               ip.o
    0x0800c17c   0x0000032c   Code   RO         1156    .text               ip_addr.o
    0x0800c4a8   0x00000a28   Code   RO         1190    .text               ip_frag.o
    0x0800ced0   0x0000003e   Code   RO         1212    .text               def.o
    0x0800cf0e   0x00000024   Code   RO         1260    .text               init.o
    0x0800cf32   0x00000002   PAD
    0x0800cf34   0x000001d4   Code   RO         1298    .text               memp.o
    0x0800d108   0x00000334   Code   RO         1339    .text               netif.o
    0x0800d43c   0x000010a0   Code   RO         1369    .text               pbuf.o
    0x0800e4dc   0x0000024c   Code   RO         1389    .text               raw.o
    0x0800e728   0x0000148c   Code   RO         1425    .text               tcp.o
    0x0800fbb4   0x00001878   Code   RO         1457    .text               tcp_in.o
    0x0801142c   0x00001346   Code   RO         1488    .text               tcp_out.o
    0x08012772   0x00000002   PAD
    0x08012774   0x000002dc   Code   RO         1509    .text               timers.o
    0x08012a50   0x000005b4   Code   RO         1531    .text               udp.o
    0x08013004   0x00000744   Code   RO         1557    .text               mem.o
    0x08013748   0x000003d4   Code   RO         1580    .text               sys_arch.o
    0x08013b1c   0x00000bfc   Code   RO         1613    .text               api_lib.o
    0x08014718   0x000017c0   Code   RO         1652    .text               api_msg.o
    0x08015ed8   0x000003b0   Code   RO         1695    .text               netbuf.o
    0x08016288   0x00001c58   Code   RO         1746    .text               sockets.o
    0x08017ee0   0x000003b8   Code   RO         1770    .text               tcpip.o
    0x08018298   0x00000970   Code   RO         1801    .text               os_core.o
    0x08018c08   0x0000080c   Code   RO         1829    .text               os_flag.o
    0x08019414   0x000001e4   Code   RO         1869    .text               os_mem.o
    0x080195f8   0x000005f8   Code   RO         1909    .text               os_q.o
    0x08019bf0   0x000003dc   Code   RO         1929    .text               os_sem.o
    0x08019fcc   0x000007c4   Code   RO         1949    .text               os_task.o
    0x0801a790   0x000001b0   Code   RO         1969    .text               os_time.o
    0x0801a940   0x00000670   Code   RO         1989    .text               os_tmr.o
    0x0801afb0   0x000001e8   Code   RO         2009    .text               os_cpu_c.o
    0x0801b198   0x000000c8   Code   RO         2037    .text               os_cpu_a.o
    0x0801b260   0x00000234   Code   RO         2042    .text               malloc.o
    0x0801b494   0x00000002   Code   RO         2074    .text               c_w.l(use_no_semi_2.o)
    0x0801b496   0x00000002   PAD
    0x0801b498   0x00000010   Code   RO         2076    .text               c_w.l(rt_ctype_table.o)
    0x0801b4a8   0x00000018   Code   RO         2082    .text               c_w.l(noretval__2printf.o)
    0x0801b4c0   0x00000028   Code   RO         2084    .text               c_w.l(noretval__2sprintf.o)
    0x0801b4e8   0x0000004e   Code   RO         2088    .text               c_w.l(_printf_pad.o)
    0x0801b536   0x00000052   Code   RO         2090    .text               c_w.l(_printf_str.o)
    0x0801b588   0x00000078   Code   RO         2092    .text               c_w.l(_printf_dec.o)
    0x0801b600   0x00000058   Code   RO         2097    .text               c_w.l(_printf_hex_int.o)
    0x0801b658   0x00000188   Code   RO         2132    .text               c_w.l(__printf_flags_ss_wp.o)
    0x0801b7e0   0x00000058   Code   RO         2141    .text               c_w.l(memcmp.o)
    0x0801b838   0x0000003e   Code   RO         2143    .text               c_w.l(strlen.o)
    0x0801b876   0x0000008a   Code   RO         2145    .text               c_w.l(rt_memcpy_v6.o)
    0x0801b900   0x00000044   Code   RO         2147    .text               c_w.l(rt_memclr.o)
    0x0801b944   0x0000004e   Code   RO         2149    .text               c_w.l(rt_memclr_w.o)
    0x0801b992   0x00000002   PAD
    0x0801b994   0x00000080   Code   RO         2151    .text               c_w.l(strcmpv7m.o)
    0x0801ba14   0x00000006   Code   RO         2153    .text               c_w.l(heapauxi.o)
    0x0801ba1a   0x00000002   Code   RO         2169    .text               c_w.l(use_no_semi.o)
    0x0801ba1c   0x00000008   Code   RO         2175    .text               c_w.l(rt_locale_intlibspace.o)
    0x0801ba24   0x000000b2   Code   RO         2177    .text               c_w.l(_printf_intcommon.o)
    0x0801bad6   0x00000002   PAD
    0x0801bad8   0x00000030   Code   RO         2179    .text               c_w.l(_printf_char_common.o)
    0x0801bb08   0x0000000a   Code   RO         2181    .text               c_w.l(_sputc.o)
    0x0801bb12   0x0000002c   Code   RO         2183    .text               c_w.l(_printf_char.o)
    0x0801bb3e   0x00000002   PAD
    0x0801bb40   0x00000024   Code   RO         2185    .text               c_w.l(_printf_char_file.o)
    0x0801bb64   0x00000064   Code   RO         2191    .text               c_w.l(rt_memcpy_w.o)
    0x0801bbc8   0x00000008   Code   RO         2198    .text               c_w.l(libspace.o)
    0x0801bbd0   0x00000008   Code   RO         2218    .text               c_w.l(ferror.o)
    0x0801bbd8   0x0000004a   Code   RO         2267    .text               c_w.l(sys_stackheap_outer.o)
    0x0801bc22   0x0000000c   Code   RO         2269    .text               c_w.l(exit.o)
    0x0801bc2e   0x0000000e   Code   RO         2125    i._is_digit         c_w.l(__printf_wp.o)
    0x0801bc3c   0x0000002c   Code   RO         2189    locale$$code        c_w.l(lc_ctype_c.o)
    0x0801bc68   0x0000005a   Code   RO         2157    x$fpl$dfixu         fz_wm.l(dfixu.o)
    0x0801bcc2   0x00000026   Code   RO         2161    x$fpl$dfltu         fz_wm.l(dflt_clz.o)
    0x0801bce8   0x00000154   Code   RO         2167    x$fpl$dmul          fz_wm.l(dmul.o)
    0x0801be3c   0x0000009c   Code   RO         2193    x$fpl$dnaninf       fz_wm.l(dnaninf.o)
    0x0801bed8   0x0000000c   Code   RO         2195    x$fpl$dretinf       fz_wm.l(dretinf.o)
    0x0801bee4   0x0000000a   Code   RO         2279    x$fpl$fpinit        fz_wm.l(fpinit.o)
    0x0801beee   0x00000000   Code   RO         2197    x$fpl$usenofp       fz_wm.l(usenofp.o)
    0x0801beee   0x000017c0   Data   RO          359    .constdata          lcd.o
    0x0801d6ae   0x00000002   PAD
    0x0801d6b0   0x0000001c   Data   RO          623    .constdata          stm32f4xx_fsmc.o
    0x0801d6cc   0x0000000c   Data   RO          946    .constdata          etharp.o
    0x0801d6d8   0x00000008   Data   RO         1158    .constdata          ip_addr.o
    0x0801d6e0   0x00000038   Data   RO         1300    .constdata          memp.o
    0x0801d718   0x00000050   Data   RO         1426    .constdata          tcp.o
    0x0801d768   0x00000004   Data   RO         1581    .constdata          sys_arch.o
    0x0801d76c   0x00000040   Data   RO         1748    .constdata          sockets.o
    0x0801d7ac   0x00000100   Data   RO         1803    .constdata          os_core.o
    0x0801d8ac   0x00000024   Data   RO         2048    .constdata          malloc.o
    0x0801d8d0   0x00000028   Data   RO         2098    .constdata          c_w.l(_printf_hex_int.o)
    0x0801d8f8   0x00000011   Data   RO         2133    .constdata          c_w.l(__printf_flags_ss_wp.o)
    0x0801d909   0x00000003   PAD
    0x0801d90c   0x00000028   Data   RO          717    .conststring        usmart.o
    0x0801d934   0x00000107   Data   RO          740    .conststring        usmart_config.o
    0x0801da3b   0x00000001   PAD
    0x0801da3c   0x00000032   Data   RO          904    .conststring        tcp_server_demo.o
    0x0801da6e   0x00000002   PAD
    0x0801da70   0x00000044   Data   RO          947    .conststring        etharp.o
    0x0801dab4   0x000000a0   Data   RO         1301    .conststring        memp.o
    0x0801db54   0x0000006d   Data   RO         1427    .conststring        tcp.o
    0x0801dbc1   0x00000003   PAD
    0x0801dbc4   0x00000055   Data   RO         1489    .conststring        tcp_out.o
    0x0801dc19   0x00000003   PAD
    0x0801dc1c   0x00000020   Data   RO         2351    Region$$Table       anon$$obj.o
    0x0801dc3c   0x00000110   Data   RO         2188    locale$$data        c_w.l(lc_ctype_c.o)


    Execution Region RW_IRAM1 (Base: 0x20000000, Size: 0x0001d890, Max: 0x00020000, ABSOLUTE, COMPRESSED[0x000000cc])

    Base Addr    Size         Type   Attr      Idx    E Section Name        Object

    0x20000000   0x00000014   Data   RW          271    .data               system_stm32f4xx.o
    0x20000014   0x00000001   Data   RW          297    .data               key.o
    0x20000015   0x00000001   PAD
    0x20000016   0x00000004   Data   RW          360    .data               lcd.o
    0x2000001a   0x00000002   PAD
    0x2000001c   0x00000010   Data   RW          396    .data               lan8720.o
    0x2000002c   0x00000010   Data   RW          494    .data               stm32f4xx_rcc.o
    0x2000003c   0x00000010   Data   RW          577    .data               stm32f4x7_eth.o
    0x2000004c   0x00000004   Data   RW          646    .data               delay.o
    0x20000050   0x00000006   Data   RW          687    .data               usart.o
    0x20000056   0x00000002   PAD
    0x20000058   0x0000001c   Data   RW          718    .data               usmart.o
    0x20000074   0x00000124   Data   RW          741    .data               usmart_config.o
    0x20000198   0x00000008   Data   RW          783    .data               lwip_comm.o
    0x200001a0   0x0000000e   Data   RW          905    .data               tcp_server_demo.o
    0x200001ae   0x00000001   Data   RW          948    .data               etharp.o
    0x200001af   0x00000001   PAD
    0x200001b0   0x00000012   Data   RW         1115    .data               ip.o
    0x200001c2   0x00000002   PAD
    0x200001c4   0x00000006   Data   RW         1191    .data               ip_frag.o
    0x200001ca   0x00000002   PAD
    0x200001cc   0x0000003c   Data   RW         1302    .data               memp.o
    0x20000208   0x00000009   Data   RW         1340    .data               netif.o
    0x20000211   0x00000003   PAD
    0x20000214   0x00000004   Data   RW         1390    .data               raw.o
    0x20000218   0x00000024   Data   RW         1428    .data               tcp.o
    0x2000023c   0x00000020   Data   RW         1459    .data               tcp_in.o
    0x2000025c   0x00000008   Data   RW         1510    .data               timers.o
    0x20000264   0x00000008   Data   RW         1532    .data               udp.o
    0x2000026c   0x00000014   Data   RW         1558    .data               mem.o
    0x20000280   0x00000008   Data   RW         1749    .data               sockets.o
    0x20000288   0x0000000c   Data   RW         1771    .data               tcpip.o
    0x20000294   0x00000060   Data   RW         1804    .data               os_core.o
    0x200002f4   0x00000006   Data   RW         2010    .data               os_cpu_c.o
    0x200002fa   0x00000002   PAD
    0x200002fc   0x00000024   Data   RW         2049    .data               malloc.o
    0x20000320   0x00000700   Zero   RW            4    .bss                main.o
    0x20000a20   0x0000000e   Zero   RW          358    .bss                lcd.o
    0x20000a2e   0x00000002   PAD
    0x20000a30   0x0000000c   Zero   RW          576    .bss                stm32f4x7_eth.o
    0x20000a3c   0x000000c8   Zero   RW          686    .bss                usart.o
    0x20000b04   0x00000048   Zero   RW          782    .bss                lwip_comm.o
    0x20000b4c   0x00000c80   Zero   RW          903    .bss                tcp_server_demo.o
    0x200017cc   0x000000c8   Zero   RW          945    .bss                etharp.o
    0x20001894   0x00000010   Zero   RW         1157    .bss                ip_addr.o
    0x200018a4   0x00000038   Zero   RW         1299    .bss                memp.o
    0x200018dc   0x00000014   Zero   RW         1458    .bss                tcp_in.o
    0x200018f0   0x00000060   Zero   RW         1747    .bss                sockets.o
    0x20001950   0x00000fe0   Zero   RW         1802    .bss                os_core.o
    0x20002930   0x0001a900   Zero   RW         2047    .bss                malloc.o
    0x2001d230   0x00000060   Zero   RW         2199    .bss                c_w.l(libspace.o)
    0x2001d290   0x00000200   Zero   RW          445    HEAP                startup_stm32f40_41xxx.o
    0x2001d490   0x00000400   Zero   RW          444    STACK               startup_stm32f40_41xxx.o



  Load Region LR$$.ARM.__AT_0x10000000 (Base: 0x10000000, Size: 0x00000000, Max: 0x0000f000, ABSOLUTE)

    Execution Region ER$$.ARM.__AT_0x10000000 (Base: 0x10000000, Size: 0x0000f000, Max: 0x0000f000, ABSOLUTE, UNINIT)

    Base Addr    Size         Type   Attr      Idx    E Section Name        Object

    0x10000000   0x0000f000   Zero   RW         2043    .ARM.__AT_0x10000000  malloc.o



  Load Region LR$$.ARM.__AT_0x1000F000 (Base: 0x1000f000, Size: 0x00000000, Max: 0x00000f00, ABSOLUTE)

    Execution Region ER$$.ARM.__AT_0x1000F000 (Base: 0x1000f000, Size: 0x00000f00, Max: 0x00000f00, ABSOLUTE, UNINIT)

    Base Addr    Size         Type   Attr      Idx    E Section Name        Object

    0x1000f000   0x00000f00   Zero   RW         2044    .ARM.__AT_0x1000F000  malloc.o



  Load Region LR$$.ARM.__AT_0x68000000 (Base: 0x68000000, Size: 0x00000000, Max: 0x00032000, ABSOLUTE)

    Execution Region ER$$.ARM.__AT_0x68000000 (Base: 0x68000000, Size: 0x00032000, Max: 0x00032000, ABSOLUTE, UNINIT)

    Base Addr    Size         Type   Attr      Idx    E Section Name        Object

    0x68000000   0x00032000   Zero   RW         2045    .ARM.__AT_0x68000000  malloc.o



  Load Region LR$$.ARM.__AT_0x68032000 (Base: 0x68032000, Size: 0x00000000, Max: 0x00003200, ABSOLUTE)

    Execution Region ER$$.ARM.__AT_0x68032000 (Base: 0x68032000, Size: 0x00003200, Max: 0x00003200, ABSOLUTE, UNINIT)

    Base Addr    Size         Type   Attr      Idx    E Section Name        Object

    0x68032000   0x00003200   Zero   RW         2046    .ARM.__AT_0x68032000  malloc.o


==============================================================================

Image component sizes


      Code (inc. data)   RO Data    RW Data    ZI Data      Debug   Object Name

      3068        818          0          0          0      18373   api_lib.o
      6080       1222          0          0          0      10435   api_msg.o
        62          0          0          0          0       1330   def.o
       296         16          0          4          0       1997   delay.o
      3708        604         80          1        200      11059   etharp.o
       552        134          0          0          0       5178   ethernetif.o
      1060        372          0          0          0       2894   icmp.o
         0          0          0          0          0       1960   inet.o
       692        104          0          0          0       3237   inet_chksum.o
        36          0          0          0          0       4816   init.o
      1024        174          0         18          0       7439   ip.o
       812        112          8          0         16      11231   ip_addr.o
      2600        486          0          6          0       7032   ip_frag.o
       224         20          0          1          0        964   key.o
       912         56          0         16          0       4025   lan8720.o
     19624        168       6080          4         14      22810   lcd.o
       132         10          0          0          0        935   led.o
       776        238          0          8         72      31059   lwip_comm.o
       944        260          0          0       1792     341018   main.o
       564         18         36         36     391680       5239   malloc.o
      1860        568          0         20          0       4462   mem.o
       468        196        216         60         56       3464   memp.o
       224         20          0          0          0       2157   misc.o
       944        340          0          0          0       3245   netbuf.o
       820        126          0          9          0       6761   netif.o
      2416        248        256         96       4064      17416   os_core.o
       200         32          0          0          0        392   os_cpu_a.o
       488          8          0          6          0      12726   os_cpu_c.o
      2060         42          0          0          0       7104   os_flag.o
       484         16          0          0          0       3328   os_mem.o
      1528         34          0          0          0       5745   os_q.o
       988         64          0          0          0       4110   os_sem.o
      1988         70          0          0          0       7761   os_task.o
       432         30          0          0          0       1906   os_time.o
      1648        134          0          0          0       5725   os_tmr.o
      4256       1236          0          0          0       9497   pbuf.o
       588        134          0          4          0       3705   raw.o
      7256        666         64          8         96      17842   sockets.o
       676         18          0          0          0       2437   sram.o
        64         26        392          0       1536        904   startup_stm32f40_41xxx.o
      3648         96          0         16         12      20066   stm32f4x7_eth.o
      1480         18         28          0          0       6078   stm32f4xx_fsmc.o
       660         44          0          0          0       4433   stm32f4xx_gpio.o
        20          0          0          0          0       1047   stm32f4xx_it.o
      1628         52          0         16          0      13344   stm32f4xx_rcc.o
       148         12          0          0          0       2001   stm32f4xx_syscfg.o
      3234         60          0          0          0      22636   stm32f4xx_tim.o
      1108         34          0          0          0       8136   stm32f4xx_usart.o
       980        166          4          0          0       6734   sys_arch.o
       528         46          0         20          0       2083   system_stm32f4xx.o
      5260       1092        189         36          0      22223   tcp.o
      6264        964          0         32         20      15595   tcp_in.o
      4934        954         85          0          0       9939   tcp_out.o
       592        170         50         14       3200      10765   tcp_server_demo.o
       952        194          0         12          0      10540   tcpip.o
       112          4          0          0          0        896   timer.o
       732        178          0          8          0       3551   timers.o
      1460        204          0          8          0       7398   udp.o
       344         16          0          6        200       3674   usart.o
      3132       1290         40         28          0       4582   usmart.o
         0          0        263        292          0       1884   usmart_config.o
      1320         12          0          0          0       5369   usmart_str.o

    ----------------------------------------------------------------------
    111096      14426       7834        800     402960     796692   Object Totals
         0          0         32          0          0          0   (incl. Generated)
         6          0         11         15          2          0   (incl. Padding)

    ----------------------------------------------------------------------

      Code (inc. data)   RO Data    RW Data    ZI Data      Debug   Library Member Name

        90          0          0          0          0          0   __dczerorl2.o
         8          0          0          0          0         68   __main.o
       392          4         17          0          0         92   __printf_flags_ss_wp.o
        14          0          0          0          0         68   __printf_wp.o
         0          0          0          0          0          0   __rtentry.o
        12          0          0          0          0          0   __rtentry2.o
         6          0          0          0          0          0   __rtentry4.o
        52          8          0          0          0          0   __scatter.o
        28          0          0          0          0          0   __scatter_zi.o
         6          0          0          0          0          0   _printf_c.o
        44          0          0          0          0        108   _printf_char.o
        48          6          0          0          0         96   _printf_char_common.o
        36          4          0          0          0         80   _printf_char_file.o
         6          0          0          0          0          0   _printf_d.o
       120         16          0          0          0         92   _printf_dec.o
        88          4         40          0          0         88   _printf_hex_int.o
       178          0          0          0          0         88   _printf_intcommon.o
        78          0          0          0          0        108   _printf_pad.o
         0          0          0          0          0          0   _printf_percent.o
         4          0          0          0          0          0   _printf_percent_end.o
         6          0          0          0          0          0   _printf_s.o
        82          0          0          0          0         80   _printf_str.o
         6          0          0          0          0          0   _printf_u.o
         6          0          0          0          0          0   _printf_x.o
        10          0          0          0          0         68   _sputc.o
        12          0          0          0          0         72   exit.o
         8          0          0          0          0         68   ferror.o
         6          0          0          0          0        152   heapauxi.o
        44         10        272          0          0         76   lc_ctype_c.o
         2          0          0          0          0          0   libinit.o
        24          0          0          0          0          0   libinit2.o
         2          0          0          0          0          0   libshutdown.o
         2          0          0          0          0          0   libshutdown2.o
         8          4          0          0         96         68   libspace.o
        88          0          0          0          0         76   memcmp.o
        24          4          0          0          0         84   noretval__2printf.o
        40          6          0          0          0         84   noretval__2sprintf.o
        16          4          0          0          0         76   rt_ctype_table.o
         8          4          0          0          0         68   rt_locale_intlibspace.o
        68          0          0          0          0         68   rt_memclr.o
        78          0          0          0          0         80   rt_memclr_w.o
       138          0          0          0          0         68   rt_memcpy_v6.o
       100          0          0          0          0         80   rt_memcpy_w.o
         2          0          0          0          0          0   rtexit.o
        10          0          0          0          0          0   rtexit2.o
       128          0          0          0          0         68   strcmpv7m.o
        62          0          0          0          0         76   strlen.o
        74          0          0          0          0         80   sys_stackheap_outer.o
         2          0          0          0          0         68   use_no_semi.o
         2          0          0          0          0         68   use_no_semi_2.o
        90          4          0          0          0        140   dfixu.o
        38          0          0          0          0        116   dflt_clz.o
       340         12          0          0          0        152   dmul.o
       156          4          0          0          0        140   dnaninf.o
        12          0          0          0          0        116   dretinf.o
        10          0          0          0          0        116   fpinit.o
         0          0          0          0          0          0   usenofp.o

    ----------------------------------------------------------------------
      2926         94        332          0         96       3296   Library Totals
        12          0          3          0          0          0   (incl. Padding)

    ----------------------------------------------------------------------

      Code (inc. data)   RO Data    RW Data    ZI Data      Debug   Library Name

      2268         74        329          0         96       2516   c_w.l
       646         20          0          0          0        780   fz_wm.l

    ----------------------------------------------------------------------
      2926         94        332          0         96       3296   Library Totals

    ----------------------------------------------------------------------

==============================================================================


      Code (inc. data)   RO Data    RW Data    ZI Data      Debug   

    114022      14520       8166        800     403056     785984   Grand Totals
    114022      14520       8166        204     403056     785984   ELF Image Totals (compressed)
    114022      14520       8166        204          0          0   ROM Totals

==============================================================================

    Total RO  Size (Code + RO Data)               122188 ( 119.32kB)
    Total RW  Size (RW Data + ZI Data)            403856 ( 394.39kB)
    Total ROM Size (Code + RO Data + RW Data)     122392 ( 119.52kB)

==============================================================================

