<html>
<body>
<pre>
<h1>礦ision Build Log</h1>
<h2>Tool Versions:</h2>
IDE-Version: μVision V5.14.0.0
Copyright (C) 2015 ARM Ltd and ARM Germany GmbH. All rights reserved.
License Information: g h, Microsoft, LIC=Z3CX7-ETV5V-SE1H0-BEHXL-AKNDD-X4BK5
 
Tool Versions:
Toolchain:       MDK-ARM Professional  Version: 5.14.0.0
Toolchain Path:  D:\STM32\software install\MDK5.14\install path\ARM\ARMCC\Bin
C Compiler:      Armcc.exe V5.05 update 1 (build 106)
Assembler:       Armasm.exe V5.05 update 1 (build 106)
Linker/Locator:  ArmLink.exe V5.05 update 1 (build 106)
Library Manager: ArmAr.exe V5.05 update 1 (build 106)
Hex Converter:   FromElf.exe V5.05 update 1 (build 106)
CPU DLL:         SARMCM3.DLL V5.14.0.0
Dialog DLL:      DCM.DLL V1.13.1.0
Target DLL:      STLink\ST-LINKIII-KEIL_SWO.dll V2.0.14.0_KEIL
Dialog DLL:      TCM.DLL V1.14.4.0
 
<h2>Project:</h2>
D:\STM32\探索者F4资料盘\A盘\4，程序源码\3，扩展例程\3，扩展例程\2，LWIP扩展例程\网络实验9 NETCONN_TCP 服务器\USER\Template.uvprojx
Project File Date:  10/11/2016

<h2>Output:</h2>
Build target 'Template'
compiling tcp_server_demo.c...
linking...
Program Size: Code=114022 RO-data=8166 RW-data=800 ZI-data=403056  
FromELF: creating hex file...
"..\OBJ\Template.axf" - 0 Error(s), 0 Warning(s).

<h2>Collection of Component include folders:</h2>
  D:\STM32\探索者F4资料盘\A盘\4，程序源码\3，扩展例程\3，扩展例程\2，LWIP扩展例程\网络实验9 NETCONN_TCP 服务器\USER\RTE
  D:\STM32\software install\MDK5.14\install path\ARM\PACK\Keil\STM32F4xx_DFP\2.9.0

<h2>Collection of Component Files used:</h2>
</pre>
</body>
</html>
